========================================================================================================================
3-fold Evolutionary (α, β) with 25-grid action space
  Action grid: 25 points (w_s ∈ [0, 2], w_b ∈ [0, 1], total ∈ [1, 2])
  Reward: α·r⁺ + β·r⁻, α,β ∈ [1, 3]
  Fitness: 100 × survived_steps + final_PP, death PP<0.95
  Survival horizon: 120M, bootstrap starts: 20
  CMA-ES: popsize 100 × 20 gen, seed 42
========================================================================================================================

========================================================================================================================
[W1]  Train: 1990-05 ~ 2010-06 (242M)  Test: 2010-08 ~ 2015-06 (59M)
========================================================================================================================

[Evolution]
   Gen    μ(α)    μ(β)      Best   EliteMean
     1   1.859   1.975    4531.1      3731.4
     2   1.929   2.007    4511.1      3465.0
     3   1.897   2.105    4536.1      3862.0
     4   1.973   2.097    4550.9      4106.2
     5   1.924   2.078    4630.9      4327.0
     6   1.952   2.099    4630.9      4330.0
     7   1.954   2.134    4491.0      4234.2
     8   1.951   2.112    4630.9      4356.6
     9   1.941   2.144    4660.9      4455.0
    10   1.926   2.128    4630.9      4441.6
    11   1.950   2.105    4630.9      4392.0
    12   1.980   2.109    4620.9      4403.2
    13   1.975   2.119    4561.0      4455.2
    14   1.985   2.104    4536.1      4431.7
    15   1.984   2.086    4561.0      4438.7
    16   1.977   2.083    4536.1      4437.1
    17   1.977   2.086    4561.0      4443.3
    18   1.985   2.095    4561.0      4436.5
    19   1.982   2.107    4550.9      4464.9
    20   1.972   2.089    4550.9      4452.1

[Evolved]  α*=1.972, β*=2.089, λ=β/α=1.059

[OOS Test: 2010-08~2015-06]
  Strategy          α      β      λ    AnnRet     Vol  Sharpe  Sortino  Calmar       MDD   FinPP   Died  μTotal
----------------------------------------------------------------------------------------------------------------------------------
  Evolved        1.97   2.09   1.06   +20.40%   16.4%   +1.22    +1.25   +1.12    -18.2%   1.700      —   1.356
  Kahneman       1.00   2.25   2.25    +0.06%    0.0%   +4.95  +17418.36   +0.00     +0.0%   0.684    s10   1.000
  Symmetric      1.00   1.00   1.00   +19.60%   18.9%   +1.05    +1.02   +0.74    -26.7%   1.645      —   1.492
  B&H                                 +15.20%   11.4%   +1.30    +1.42   +0.89    -17.0%   2.005
  50/50                                +7.56%    5.7%   +1.31    +1.42   +0.86     -8.8%   1.431

[Evolved action distribution (W1 test, top)]
  (w_s, w_b)       total  count    pct
  (1.00, 0.00)      1.00     38    64%
  (2.00, 0.00)      2.00     21    36%

========================================================================================================================
[W2]  Train: 1996-01 ~ 2015-06 (234M)  Test: 2015-08 ~ 2020-06 (59M)
========================================================================================================================

[Evolution]
   Gen    μ(α)    μ(β)      Best   EliteMean
     1   1.495   2.295    2015.9      1599.9
     2   1.561   2.389    2035.9      1622.9
     3   1.627   2.333    2015.9      1634.7
     4   1.739   2.322    2021.0      1660.3
     5   1.839   2.287    2266.0      1780.3
     6   1.887   2.298    2021.0      1926.7
     7   1.887   2.293    2015.9      1927.9
     8   1.882   2.274    2021.0      1959.5
     9   1.879   2.281    2026.0      1974.9
    10   1.867   2.279    2021.0      1967.9
    11   1.864   2.271    2266.0      1971.3
    12   1.882   2.270    2026.0      1981.7
    13   1.882   2.283    2035.9      1976.3
    14   1.884   2.275    2036.0      1984.9
    15   1.872   2.292    2035.9      1961.7
    16   1.867   2.282    2266.0      1977.7
    17   1.881   2.271    2266.0      1994.3
    18   1.879   2.296    2026.0      1960.5
    19   1.872   2.297    2021.0      1953.9
    20   1.870   2.300    2021.0      1958.1

[Evolved]  α*=1.870, β*=2.300, λ=β/α=1.230

[OOS Test: 2015-08~2020-06]
  Strategy          α      β      λ    AnnRet     Vol  Sharpe  Sortino  Calmar       MDD   FinPP   Died  μTotal
----------------------------------------------------------------------------------------------------------------------------------
  Evolved        1.87   2.30   1.23    +5.66%   18.6%   +0.39    +0.28   +0.17    -33.5%   0.809    s55   1.271
  Kahneman       1.00   2.25   2.25    +1.15%    0.2%   +4.87  +197.37  +687.11     -0.0%   0.652     s8   1.000
  Symmetric      1.00   1.00   1.00   +15.14%   21.4%   +0.77    +0.63   +0.55    -27.7%   1.234      —   1.458
  B&H                                 +10.84%   14.6%   +0.78    +0.63   +0.54    -20.0%   1.659
  50/50                                +6.18%    7.3%   +0.86    +0.68   +0.61    -10.1%   1.343

[Evolved action distribution (W2 test, top)]
  (w_s, w_b)       total  count    pct
  (1.00, 0.00)      1.00     33    56%
  (2.00, 0.00)      2.00     16    27%
  (0.00, 1.00)      1.00      6    10%
  (0.25, 0.75)      1.00      4     7%

========================================================================================================================
[W3]  Train: 2001-01 ~ 2020-06 (234M)  Test: 2020-08 ~ 2025-06 (59M)
========================================================================================================================

[Evolution]
   Gen    μ(α)    μ(β)      Best   EliteMean
     1   1.940   2.026    3466.0      2435.8
     2   2.024   2.096    3466.1      2428.0
     3   2.066   2.221    3471.1      2505.8
     4   2.118   2.312    2876.0      2345.4
     5   2.120   2.434    3461.1      2756.1
     6   2.101   2.437    3466.1      2787.1
     7   2.105   2.449    3466.1      2862.9
     8   2.092   2.444    3471.1      2972.9
     9   2.078   2.448    3466.1      3236.1
    10   2.069   2.431    3471.1      3127.1
    11   2.063   2.436    3471.1      3268.5
    12   2.073   2.443    3466.1      3257.9
    13   2.077   2.452    3476.1      3364.7
    14   2.079   2.455    3471.1      3312.5
    15   2.085   2.457    3471.1      3258.9
    16   2.080   2.456    3466.1      3170.7
    17   2.082   2.450    3716.1      3254.7
    18   2.093   2.454    3716.1      3184.5
    19   2.093   2.460    3716.1      3138.5
    20   2.086   2.453    3471.1      3178.7

[Evolved]  α*=2.086, β*=2.453, λ=β/α=1.176

[OOS Test: 2020-08~2025-06]
  Strategy          α      β      λ    AnnRet     Vol  Sharpe  Sortino  Calmar       MDD   FinPP   Died  μTotal
----------------------------------------------------------------------------------------------------------------------------------
  Evolved        2.09   2.45   1.18    +5.29%   11.0%   +0.52    +0.38   +0.24    -22.3%   0.906     s1   1.085
  Kahneman       1.00   2.25   2.25    +2.97%    0.6%   +4.57  +845475.65   +0.00     +0.0%   0.812     s5   1.000
  Symmetric      1.00   1.00   1.00   +13.16%   28.3%   +0.58    +0.55   +0.27    -48.4%   1.291     s1   1.678
  B&H                                 +12.84%   15.9%   +0.84    +0.84   +0.52    -24.8%   1.811
  50/50                                +8.14%    8.0%   +1.02    +1.06   +0.65    -12.4%   1.469

[Evolved action distribution (W3 test, top)]
  (w_s, w_b)       total  count    pct
  (0.00, 1.00)      1.00     22    37%
  (1.00, 0.00)      1.00     16    27%
  (0.25, 0.75)      1.00     16    27%
  (2.00, 0.00)      2.00      5     8%


Results saved: result\evolved_3folds_grid25.csv

====================================================================================================
Fold Summary (Evolved parameters)
====================================================================================================
  Fold  Train                   Test                        α*      β*      λ*
  W1    1990-05~2010-06         2010-08~2015-06          1.972   2.089   1.059
  W2    1996-01~2015-06         2015-08~2020-06          1.870   2.300   1.230
  W3    2001-01~2020-06         2020-08~2025-06          2.086   2.453   1.176

Done.
