==================================================================================================================================
Feature Importance Screening — Per-feature add-in 4D evolution
  Candidates: 17 features
  CMA-ES (screening): popsize 60 × 15 gen, seed 42
  Bounds: α₀, β₀ ∈ [1, 3], α_f, β_f ∈ [-1.5, 1.5]
  Fitness: mean excess Sharpe (horizon 120M, 20 bootstrap starts)
==================================================================================================================================

[2D Baseline (constant α, β, no feature)]
  Fold      α*      β*      λ   Train_ShEx   Test_ShEx  Test_AnnRet   μTotal
  W1     2.149   2.253   1.05       0.3161      1.2967      +30.77%    2.000
  W2     1.705   2.126   1.25       0.5121      0.0656       +0.10%    1.729
  W3     1.672   2.025   1.21       0.6969      0.6164      +11.05%    1.288

==================================================================================================================================
[Per-Feature 4D Add-in]
  For each feature f: evolve (α₀, α_f, β₀, β_f), α_t=clip(α₀+α_f·f_z,...)
==================================================================================================================================

  Feature             Fold      α₀     α_f     β₀     β_f   TrainSh    TestSh    ΔTest    AnnRet    μTot
---------------------------------------------------------------------------------------------------------------------------------------
  metabolism          W1     1.728  +0.206  2.451  -0.332     0.432    -0.042   -1.339    -1.59%   1.390
  metabolism          W2     1.793  -0.301  2.137  -0.008     0.352    +0.279   +0.214    +4.90%   1.746
  metabolism          W3     1.913  -0.548  2.190  +0.103     0.640    +0.892   +0.276   +26.88%   1.729
  m2_growth           W1     2.045  -0.513  2.206  +0.966     0.429    +1.411   +0.114   +23.75%   1.525
  m2_growth           W2     1.454  -0.533  2.266  +0.824     0.351    -0.433   -0.499    -8.40%   1.339
  m2_growth           W3     2.012  -0.647  2.189  +0.078     0.637    +0.760   +0.143   +22.50%   1.729
  m2_3m               W1     2.104  +1.162  1.326  -1.103     0.490    +1.100   -0.197   +23.09%   1.881
  m2_3m               W2     1.528  -1.033  1.556  +0.612     0.235    +0.230   +0.164    +3.66%   1.610
  m2_3m               W3     1.779  -0.062  2.347  +0.131     0.696    +0.163   -0.453    +4.18%   1.068
  sp_return           W1     1.782  +0.452  2.025  -1.092     0.376    +1.167   -0.130   +15.78%   1.678
  sp_return           W2     1.530  +0.463  2.671  -0.351     0.653    +0.381   +0.315    +4.46%   1.263
  sp_return           W3     1.885  +0.024  2.650  -0.371     0.812    +0.166   -0.450    +4.28%   1.229
  ndx_return          W1     2.442  +0.553  1.200  -0.758     0.428    +1.297   +0.000   +30.77%   2.000
  ndx_return          W2     1.372  +0.378  2.323  -0.238     0.554    +0.582   +0.517    +5.25%   1.203
  ndx_return          W3     2.339  +0.531  1.305  -0.581     0.630    +0.457   -0.159   +12.72%   1.898
  sp_1m               W1     1.857  +0.572  1.964  -1.154     0.395    +1.440   +0.143   +26.32%   1.712
  sp_1m               W2     1.674  +0.271  2.103  +0.247     0.488    +0.390   +0.324    +6.82%   1.712
  sp_1m               W3     1.763  -0.065  2.146  -0.106     0.733    +0.366   -0.251    +7.30%   1.292
  ndx_1m              W1     2.331  +0.888  2.256  -0.914     0.398    +1.097   -0.200   +21.50%   1.864
  ndx_1m              W2     1.989  +0.729  1.103  -0.301     0.273    +0.761   +0.696   +19.81%   1.932
  ndx_1m              W3     1.708  +0.185  2.202  -0.490     0.685    +0.035   -0.581    +1.87%   1.441
  ndx_3m              W1     2.187  +0.817  1.411  -0.678     0.464    +1.307   +0.011   +31.04%   1.983
  ndx_3m              W2     1.552  +0.454  2.286  -0.556     0.446    -0.161   -0.227    -4.54%   1.492
  ndx_3m              W3     2.294  +0.463  1.840  -0.470     0.682    +0.859   +0.242   +24.73%   1.847
  sentiment           W1     1.567  +0.184  2.015  -1.000     0.533    +0.650   -0.646    +7.08%   1.373
  sentiment           W2     1.728  +0.329  2.381  -0.360     0.495    -0.042   -0.107    -0.68%   1.475
  sentiment           W3     2.166  +0.352  2.104  -0.258     0.760    +0.590   -0.026   +15.64%   1.750
  yield_curve         W1     1.656  -1.010  2.466  +1.249     0.427    +0.000   -1.297    +0.06%   1.000
  yield_curve         W2     1.501  -0.330  2.695  +0.182     0.490    -0.080   -0.145    -0.14%   1.072
  yield_curve         W3     1.903  -0.029  2.458  -0.291     0.805    +0.455   -0.161    +6.21%   1.102
  credit_spread       W1     2.199  -0.479  2.221  +0.256     0.516    +0.865   -0.432   +16.93%   1.847
  credit_spread       W2     2.227  -1.158  1.966  +0.470     0.457    +0.257   +0.192    +4.30%   1.797
  credit_spread       W3     2.494  -0.768  1.838  +0.486     0.593    +0.660   +0.043   +20.51%   2.000
  sp_52wh_ratio       W1     1.610  +0.670  1.988  -1.118     0.626    +0.833   -0.464   +15.27%   1.864
  sp_52wh_ratio       W2     1.572  +0.703  2.123  -0.928     0.473    +0.086   +0.021    +0.42%   1.746
  sp_52wh_ratio       W3     2.030  +1.317  1.635  -0.740     0.622    +0.822   +0.206   +22.76%   1.814
  sp_52wl_ratio       W1     2.105  +1.033  1.740  -0.906     0.671    +0.976   -0.321   +18.56%   1.881
  sp_52wl_ratio       W2     2.220  +0.919  1.266  -0.630     0.549    +0.313   +0.247    +5.62%   1.831
  sp_52wl_ratio       W3     2.215  +0.851  1.196  -0.914     0.804    +0.548   -0.068   +15.41%   1.898
  sp_in_range         W1     1.967  +0.650  1.890  -0.718     0.654    +0.859   -0.438   +15.86%   1.881
  sp_in_range         W2     2.089  +0.428  1.898  -0.446     0.557    +0.272   +0.207    +4.66%   1.831
  sp_in_range         W3     2.425  +0.607  1.628  -0.477     0.720    +0.766   +0.150   +22.23%   1.881
  ndx_52wh_ratio      W1     2.275  +1.007  1.428  -0.928     0.681    +1.297   +0.000   +30.77%   2.000
  ndx_52wh_ratio      W2     1.834  +0.890  1.736  -1.274     0.517    +0.607   +0.541   +15.39%   1.966
  ndx_52wh_ratio      W3     1.911  +0.503  2.097  -0.804     0.686    +0.942   +0.326   +24.90%   1.780
  ndx_52wl_ratio      W1     1.455  +1.011  1.087  -0.581     0.475    +0.341   -0.955    +4.49%   1.627
  ndx_52wl_ratio      W2     1.346  +0.469  2.466  -0.433     0.491    +0.000   -0.066    +1.15%   1.000
  ndx_52wl_ratio      W3     2.196  +0.440  1.857  -0.284     0.604    +0.555   -0.062   +15.08%   1.814
  ndx_in_range        W1     1.952  +1.382  1.942  -1.020     0.598    +0.973   -0.324   +19.60%   1.898
  ndx_in_range        W2     2.188  +0.416  1.735  -0.491     0.535    +0.519   +0.453   +12.40%   1.915
  ndx_in_range        W3     2.088  +0.556  1.210  -0.796     0.709    +0.956   +0.340   +25.45%   1.780

  Elapsed: 403.5s

==================================================================================================================================
Feature Importance Ranking (sorted by mean test ΔSharpe vs 2D baseline)
  2D baseline mean: Train_ShEx = 0.508, Test_ShEx = 0.660
==================================================================================================================================
  Feature               Train     Test    ΔTest    AnnRet   μTot  α_f per fold                    β_f per fold                  
---------------------------------------------------------------------------------------------------------------------------------------
  ndx_52wh_ratio        0.628   +0.949   +0.289   +23.69%   1.92  [1.007, 0.89, 0.503]            [-0.928, -1.274, -0.804]      
  ndx_in_range          0.614   +0.816   +0.156   +19.15%   1.86  [1.382, 0.416, 0.556]           [-1.02, -0.491, -0.796]       
  ndx_return            0.537   +0.779   +0.119   +16.25%   1.70  [0.553, 0.378, 0.531]           [-0.758, -0.238, -0.581]      
  sp_1m                 0.539   +0.732   +0.072   +13.48%   1.57  [0.572, 0.271, -0.065]          [-1.154, 0.247, -0.106]       
  ndx_3m                0.530   +0.668   +0.009   +17.07%   1.77  [0.817, 0.454, 0.463]           [-0.678, -0.556, -0.47]       
  sp_in_range           0.644   +0.633   -0.027   +14.25%   1.86  [0.65, 0.428, 0.607]            [-0.718, -0.446, -0.477]      
  ndx_1m                0.452   +0.631   -0.028   +14.40%   1.75  [0.888, 0.729, 0.185]           [-0.914, -0.301, -0.49]       
  sp_52wl_ratio         0.675   +0.612   -0.047   +13.19%   1.87  [1.033, 0.919, 0.851]           [-0.906, -0.63, -0.914]       
  credit_spread         0.522   +0.594   -0.066   +13.91%   1.88  [-0.479, -1.158, -0.768]        [0.256, 0.47, 0.486]          
  sp_52wh_ratio         0.574   +0.580   -0.079   +12.82%   1.81  [0.67, 0.703, 1.317]            [-1.118, -0.928, -0.74]       
  m2_growth             0.472   +0.579   -0.080   +12.62%   1.53  [-0.513, -0.533, -0.647]        [0.966, 0.824, 0.078]         
  sp_return             0.614   +0.571   -0.088    +8.18%   1.39  [0.452, 0.463, 0.024]           [-1.092, -0.351, -0.371]      
  m2_3m                 0.474   +0.498   -0.162   +10.31%   1.52  [1.162, -1.033, -0.062]         [-1.103, 0.612, 0.131]        
  sentiment             0.596   +0.400   -0.260    +7.35%   1.53  [0.184, 0.329, 0.352]           [-1.0, -0.36, -0.258]         
  metabolism            0.475   +0.376   -0.283   +10.06%   1.62  [0.206, -0.301, -0.548]         [-0.332, -0.008, 0.103]       
  ndx_52wl_ratio        0.523   +0.299   -0.361    +6.90%   1.48  [1.011, 0.469, 0.44]            [-0.581, -0.433, -0.284]      
  yield_curve           0.574   +0.125   -0.534    +2.04%   1.06  [-1.01, -0.33, -0.029]          [1.249, 0.182, -0.291]        

  Per-fold results: result\feature_importance.csv
  Aggregate ranking: result/feature_importance_agg.csv

Done.
