============================================================================================================================================
Feature Importance Screening — v26 data, new folds, 3M rebalance, no-lev 21-grid
  Candidates: 29 features (17 existing + 12 new 3M/6M stats)
  CMA-ES (screening): popsize 60 × 15 gen, seed 42
  Rebalance every 3 months, Horizon 120M
============================================================================================================================================
  W1: Train 1991-01~2010-12 (240M)  Test 2011-07~2015-12 (54M)
  W2: Train 1996-01~2015-12 (240M)  Test 2016-07~2020-12 (54M)
  W3: Train 2001-01~2020-12 (240M)  Test 2021-07~2025-12 (54M)

[2D Baseline (constant α, β, no feature)]
  Fold      α*      β*    Train     Test   AnnRet   μw_s
  W1     1.084   2.514   0.3821  +0.0000   +0.05%   0.00
  W2     1.194   2.621   0.2982  +0.1505   +1.28%   0.01
  W3     1.837   2.247   0.6200  -0.1283   +2.46%   0.19

================================================================================================================================================================
[Per-Feature 4D Add-in]
================================================================================================================================================================

  Feature             Fold      α₀     α_f     β₀     β_f   TrainSh    TestSh    ΔTest    AnnRet   μw_s
----------------------------------------------------------------------------------------------------------------------------------------------------------------
  metabolism          W1     1.841  -0.653  2.201  +0.220     0.339    +0.671   +0.671    +5.49%   0.56
  metabolism          W2     1.184  +0.166  2.832  -0.057     0.355    +0.781   +0.630    +3.87%   0.04
  metabolism          W3     2.029  -0.308  2.374  +0.161     0.527    +0.068   +0.196    +3.61%   0.80
  m2_growth           W1     1.967  -0.691  2.192  +0.151     0.335    +0.671   +0.671    +5.49%   0.56
  m2_growth           W2     1.671  -0.287  2.709  +0.705     0.313    -0.333   -0.483    +0.09%   0.24
  m2_growth           W3     2.076  +0.110  2.318  -0.608     0.570    +0.440   +0.568    +7.27%   0.37
  m2_3m               W1     2.077  +1.118  1.410  -0.773     0.333    +0.701   +0.701    +7.12%   0.87
  m2_3m               W2     2.055  +0.301  2.404  -0.157     0.299    +0.887   +0.737   +13.16%   0.75
  m2_3m               W3     1.973  +0.376  2.171  -0.770     0.571    -0.318   -0.190    +0.86%   0.20
  sp_return           W1     1.020  -0.351  2.769  -0.592     0.528    +0.000   +0.000    +0.05%   0.00
  sp_return           W2     1.324  +0.098  2.535  -0.463     0.412    +0.654   +0.503    +4.26%   0.09
  sp_return           W3     1.663  -0.158  2.115  -0.437     0.630    +0.087   +0.216    +4.06%   0.35
  ndx_return          W1     2.072  +0.755  1.472  -0.776     0.348    +0.696   +0.696    +8.03%   0.91
  ndx_return          W2     2.036  +0.517  1.157  -0.568     0.340    +0.834   +0.684   +12.86%   0.93
  ndx_return          W3     2.125  +0.298  1.288  -0.652     0.601    +0.717   +0.845   +12.99%   0.89
  sp_1m               W1     1.128  -0.447  2.724  -0.403     0.468    +0.000   +0.000    +0.05%   0.00
  sp_1m               W2     1.072  -0.593  2.687  -0.742     0.399    +0.052   -0.098    +1.23%   0.00
  sp_1m               W3     1.754  +0.258  2.656  -0.234     0.616    -0.515   -0.387    +0.92%   0.15
  ndx_1m              W1     2.248  +0.773  1.604  -0.900     0.328    +0.718   +0.718    +8.34%   0.91
  ndx_1m              W2     2.412  +0.680  1.104  -0.510     0.274    +0.773   +0.622   +12.64%   1.00
  ndx_1m              W3     2.552  +0.592  1.431  -0.473     0.592    +0.413   +0.541    +8.36%   0.89
  ndx_3m              W1     2.211  +0.789  1.527  -0.598     0.440    +0.718   +0.718    +8.34%   0.98
  ndx_3m              W2     1.474  +0.646  2.394  -1.292     0.398    +0.229   +0.079    +3.57%   0.56
  ndx_3m              W3     1.322  +0.461  2.123  -0.378     0.648    +0.147   +0.276    +4.60%   0.31
  sentiment           W1     1.205  -0.372  2.799  -0.317     0.550    +0.000   +0.000    +0.05%   0.00
  sentiment           W2     1.804  -0.136  2.242  -0.566     0.599    +0.237   +0.087    +3.33%   0.57
  sentiment           W3     1.848  +0.442  1.996  -0.802     0.749    +0.304   +0.432    +6.10%   0.49
  yield_curve         W1     1.492  -0.807  2.391  +1.233     0.370    +0.000   +0.000    +0.05%   0.00
  yield_curve         W2     1.349  +0.231  2.530  -0.570     0.538    +0.357   +0.207    +1.29%   0.01
  yield_curve         W3     1.815  -0.036  2.292  -0.263     0.736    +0.199   +0.328    +4.63%   0.11
  credit_spread       W1     1.738  -0.673  1.167  +0.642     0.422    +0.719   +0.719    +7.94%   0.74
  credit_spread       W2     2.258  -0.893  2.062  +0.599     0.391    +0.503   +0.352    +7.95%   0.91
  credit_spread       W3     2.183  -0.892  1.644  +0.263     0.612    +0.506   +0.634   +10.68%   1.00
  sp_52wh_ratio       W1     1.788  +0.781  2.137  -0.864     0.548    +0.758   +0.758    +8.50%   0.85
  sp_52wh_ratio       W2     1.539  +0.758  2.158  -0.908     0.410    +0.418   +0.268    +6.57%   0.78
  sp_52wh_ratio       W3     2.301  +0.747  1.471  -0.642     0.584    +0.603   +0.731   +11.19%   0.89
  sp_52wl_ratio       W1     1.849  +0.815  1.551  -0.988     0.590    +0.854   +0.854    +8.83%   0.76
  sp_52wl_ratio       W2     2.105  +0.662  1.845  -0.909     0.546    +0.422   +0.272    +6.64%   0.84
  sp_52wl_ratio       W3     2.120  +0.806  1.136  -0.715     0.694    +0.615   +0.743   +11.44%   0.89
  sp_in_range         W1     1.872  +0.496  1.921  -0.695     0.554    +0.758   +0.758    +8.50%   0.87
  sp_in_range         W2     2.190  +0.741  1.841  -0.472     0.438    +0.497   +0.346    +7.86%   0.87
  sp_in_range         W3     2.467  +0.685  1.044  -0.263     0.701    +0.615   +0.743   +11.44%   0.93
  ndx_52wh_ratio      W1     1.974  +0.824  1.411  -1.265     0.614    +0.797   +0.797    +9.45%   1.00
  ndx_52wh_ratio      W2     1.909  +0.965  1.733  -1.066     0.477    +0.497   +0.346    +7.86%   0.96
  ndx_52wh_ratio      W3     1.810  +0.881  1.469  -1.356     0.640    +0.602   +0.730   +11.17%   0.80
  ndx_52wl_ratio      W1     1.700  +1.107  1.157  -1.030     0.381    +0.548   +0.548    +5.01%   0.52
  ndx_52wl_ratio      W2     1.619  +0.005  1.832  -0.375     0.357    +0.503   +0.352    +7.95%   0.86
  ndx_52wl_ratio      W3     2.218  +0.652  1.598  -0.351     0.645    +0.603   +0.731   +11.19%   0.86
  ndx_in_range        W1     2.003  +1.069  1.655  -0.929     0.508    +0.758   +0.758    +8.50%   0.93
  ndx_in_range        W2     2.146  +0.548  1.242  -0.444     0.380    +0.659   +0.509   +10.67%   0.98
  ndx_in_range        W3     2.331  +0.625  1.232  -0.513     0.642    +0.602   +0.730   +11.17%   0.82
  sp_3m_mean          W1     1.110  -0.047  2.378  -0.453     0.467    +0.000   +0.000    +0.05%   0.00
  sp_3m_mean          W2     1.490  +0.436  2.391  -0.531     0.447    +0.019   -0.132    +0.66%   0.51
  sp_3m_mean          W3     1.770  +0.472  2.261  -0.712     0.677    +0.179   +0.307    +4.89%   0.59
  sp_6m_mean          W1     2.182  +1.110  1.605  -0.892     0.541    +0.718   +0.718    +8.34%   0.87
  sp_6m_mean          W2     2.314  +0.992  1.836  -0.919     0.528    +0.503   +0.352    +7.95%   0.89
  sp_6m_mean          W3     2.050  +1.008  1.644  -0.705     0.611    +0.477   +0.605    +8.76%   0.80
  sp_3m_std           W1     1.734  -0.471  2.535  +0.759     0.549    +0.701   +0.701    +7.57%   0.63
  sp_3m_std           W2     1.913  -0.321  2.566  +0.451     0.500    +0.329   +0.179    +4.74%   0.63
  sp_3m_std           W3     1.928  -0.310  2.276  -0.135     0.557    +0.638   +0.766    +7.83%   0.37
  sp_6m_std           W1     1.534  -0.780  2.592  +0.927     0.510    +0.612   +0.612    +6.54%   0.70
  sp_6m_std           W2     1.608  -0.620  2.703  +0.553     0.441    +0.132   -0.019    +2.08%   0.47
  sp_6m_std           W3     1.292  +0.198  2.419  -0.311     0.622    +0.262   +0.390    +4.84%   0.09
  ndx_3m_mean         W1     2.226  +0.999  1.107  -0.813     0.429    +0.797   +0.797    +9.45%   0.98
  ndx_3m_mean         W2     1.878  +0.648  1.101  -0.754     0.362    +0.773   +0.622   +12.64%   0.95
  ndx_3m_mean         W3     1.962  +0.569  1.232  -0.231     0.586    +0.497   +0.626    +9.82%   0.91
  ndx_6m_mean         W1     2.020  +1.036  1.766  -0.877     0.552    +0.616   +0.616    +6.93%   0.85
  ndx_6m_mean         W2     1.730  +0.729  2.213  -0.650     0.542    +0.627   +0.476    +9.21%   0.79
  ndx_6m_mean         W3     2.151  +0.855  1.240  -0.760     0.543    +0.676   +0.804   +11.53%   0.87
  ndx_3m_std          W1     1.709  -1.332  2.259  +1.353     0.560    +0.870   +0.870   +10.03%   0.89
  ndx_3m_std          W2     1.843  -1.066  2.329  +1.403     0.494    +0.329   +0.179    +4.74%   0.74
  ndx_3m_std          W3     2.140  -1.094  2.232  +0.311     0.595    +0.601   +0.729   +10.02%   0.64
  ndx_6m_std          W1     1.372  -0.652  2.639  +0.808     0.641    +0.758   +0.758    +8.50%   0.81
  ndx_6m_std          W2     1.548  -0.767  2.507  +0.674     0.502    +0.254   +0.104    +3.50%   0.60
  ndx_6m_std          W3     2.119  -0.339  1.996  +0.184     0.534    +0.601   +0.729   +11.17%   0.84
  vix_3m_mean         W1     1.653  -0.743  2.247  +1.230     0.638    +0.609   +0.609    +6.83%   0.85
  vix_3m_mean         W2     1.417  -0.607  2.112  +1.201     0.527    +0.248   +0.097    +3.71%   0.74
  vix_3m_mean         W3     1.381  -0.767  2.428  +0.908     0.707    +0.151   +0.280    +4.36%   0.28
  vix_6m_mean         W1     2.052  -0.872  2.436  +1.251     0.663    +0.659   +0.659    +7.16%   0.83
  vix_6m_mean         W2     1.127  -0.500  2.610  +1.364     0.522    +0.337   +0.187    +4.83%   0.71
  vix_6m_mean         W3     1.425  -0.810  2.776  +1.361     0.656    +0.739   +0.867    +6.93%   0.23
  vix_3m_std          W1     1.020  -0.358  2.728  +0.324     0.492    +0.000   +0.000    +0.05%   0.00
  vix_3m_std          W2     1.705  -0.153  2.431  +0.727     0.503    +0.172   +0.021    +2.59%   0.49
  vix_3m_std          W3     1.735  -0.905  2.574  +0.723     0.676    +0.313   +0.442    +6.42%   0.43
  vix_6m_std          W1     1.119  -0.454  2.799  +0.845     0.565    +0.000   +0.000    +0.05%   0.00
  vix_6m_std          W2     1.215  -0.566  2.590  +0.747     0.509    +0.713   +0.563    +4.34%   0.27
  vix_6m_std          W3     2.541  -0.317  1.313  +0.076     0.499    +0.506   +0.634   +10.68%   1.00

  Elapsed: 421.8s

================================================================================================================================================================
Feature Importance Ranking (sorted by mean test ΔSharpe vs 2D baseline)
  2D baseline mean: Train_ShEx = 0.433, Test_ShEx = 0.007
================================================================================================================================================================
  Feature               Train     Test    ΔTest    AnnRet   μw_s  α_f per fold                    β_f per fold                  
----------------------------------------------------------------------------------------------------------------------------------------------------------------
  ndx_return            0.430   +0.749   +0.742   +11.29%   0.91  [0.755, 0.517, 0.298]           [-0.776, -0.568, -0.652]      
  ndx_3m_mean           0.459   +0.689   +0.682   +10.64%   0.95  [0.999, 0.648, 0.569]           [-0.813, -0.754, -0.231]      
  ndx_in_range          0.510   +0.673   +0.666   +10.11%   0.91  [1.069, 0.548, 0.625]           [-0.929, -0.444, -0.513]      
  ndx_6m_mean           0.546   +0.640   +0.632    +9.22%   0.84  [1.036, 0.729, 0.855]           [-0.877, -0.65, -0.76]        
  ndx_1m                0.398   +0.635   +0.627    +9.78%   0.93  [0.773, 0.68, 0.592]            [-0.9, -0.51, -0.473]         
  ndx_52wh_ratio        0.577   +0.632   +0.624    +9.49%   0.92  [0.824, 0.965, 0.881]           [-1.265, -1.066, -1.356]      
  sp_52wl_ratio         0.610   +0.630   +0.623    +8.97%   0.83  [0.815, 0.662, 0.806]           [-0.988, -0.909, -0.715]      
  sp_in_range           0.565   +0.623   +0.616    +9.27%   0.89  [0.496, 0.741, 0.685]           [-0.695, -0.472, -0.263]      
  ndx_3m_std            0.549   +0.600   +0.592    +8.26%   0.76  [-1.332, -1.066, -1.094]        [1.353, 1.403, 0.311]         
  sp_52wh_ratio         0.514   +0.593   +0.586    +8.75%   0.84  [0.781, 0.758, 0.747]           [-0.864, -0.908, -0.642]      
  vix_6m_mean           0.614   +0.578   +0.571    +6.31%   0.59  [-0.872, -0.5, -0.81]           [1.251, 1.364, 1.361]         
  credit_spread         0.475   +0.576   +0.568    +8.86%   0.88  [-0.673, -0.893, -0.892]        [0.642, 0.599, 0.263]         
  sp_6m_mean            0.560   +0.566   +0.558    +8.35%   0.85  [1.11, 0.992, 1.008]            [-0.892, -0.919, -0.705]      
  sp_3m_std             0.536   +0.556   +0.549    +6.71%   0.55  [-0.471, -0.321, -0.31]         [0.759, 0.451, -0.135]        
  ndx_52wl_ratio        0.461   +0.551   +0.544    +8.05%   0.74  [1.107, 0.005, 0.652]           [-1.03, -0.375, -0.351]       
  ndx_6m_std            0.559   +0.538   +0.530    +7.72%   0.75  [-0.652, -0.767, -0.339]        [0.808, 0.674, 0.184]         
  metabolism            0.407   +0.507   +0.499    +4.32%   0.46  [-0.653, 0.166, -0.308]         [0.22, -0.057, 0.161]         
  m2_3m                 0.401   +0.423   +0.416    +7.05%   0.61  [1.118, 0.301, 0.376]           [-0.773, -0.157, -0.77]       
  vix_6m_std            0.524   +0.406   +0.399    +5.02%   0.42  [-0.454, -0.566, -0.317]        [0.845, 0.747, 0.076]         
  ndx_3m                0.495   +0.365   +0.358    +5.50%   0.62  [0.789, 0.646, 0.461]           [-0.598, -1.292, -0.378]      
  vix_3m_mean           0.624   +0.336   +0.329    +4.97%   0.63  [-0.743, -0.607, -0.767]        [1.23, 1.201, 0.908]          
  sp_6m_std             0.524   +0.335   +0.328    +4.49%   0.42  [-0.78, -0.62, 0.198]           [0.927, 0.553, -0.311]        
  m2_growth             0.406   +0.260   +0.252    +4.28%   0.39  [-0.691, -0.287, 0.11]          [0.151, 0.705, -0.608]        
  sp_return             0.523   +0.247   +0.240    +2.79%   0.15  [-0.351, 0.098, -0.158]         [-0.592, -0.463, -0.437]      
  yield_curve           0.548   +0.186   +0.178    +1.99%   0.04  [-0.807, 0.231, -0.036]         [1.233, -0.57, -0.263]        
  sentiment             0.633   +0.180   +0.173    +3.16%   0.35  [-0.372, -0.136, 0.442]         [-0.317, -0.566, -0.802]      
  vix_3m_std            0.557   +0.162   +0.154    +3.02%   0.31  [-0.358, -0.153, -0.905]        [0.324, 0.727, 0.723]         
  sp_3m_mean            0.530   +0.066   +0.059    +1.87%   0.37  [-0.047, 0.436, 0.472]          [-0.453, -0.531, -0.712]      
  sp_1m                 0.494   -0.154   -0.162    +0.74%   0.05  [-0.447, -0.593, 0.258]         [-0.403, -0.742, -0.234]      

  Per-fold: result\feature_importance_v26.csv
  Ranking:  result/feature_importance_v26_agg.csv

Done.
