============================================================================================================================================
3-fold Sharpe Evolution (NO-LEVERAGE, 21-grid) + L2 Reg Sweep
  Action: w_s ∈ {0, 0.05, ..., 1.0}, w_b = 1 - w_s (21 points)
  Features: ['metabolism', 'ndx_52wh_ratio', 'ndx_in_range', 'ndx_return']
  λ_reg sweep: [0.0, 0.005, 0.02, 0.05, 0.1, 0.3, 1.0]
  CMA-ES: popsize 100 × 20 gen, seed 42
============================================================================================================================================

============================================================================================================================================
[W1]  Train 1990-05~2010-06  Test 2010-08~2015-06
============================================================================================================================================
   λ_reg  TrainSh*   TestSh    AnnRet    Vol  Sortino  Calmar      MDD   μw_s  slope_L2   α_met   α_wh   α_in  α_ret   β_met   β_wh   β_in  β_ret
---------------------------------------------------------------------------------------------------------------------------------------------------------------------
   0.000    0.7790   +1.297   +15.20%  11.4%    +1.42   +0.89   -17.0%   1.00     3.824   +0.46  +1.19  +0.21  +0.12   -0.50  -1.14  -0.76  +0.13
   0.005    0.7785   +1.297   +15.20%  11.4%    +1.42   +0.89   -17.0%   1.00     2.777   +0.30  +1.07  +0.24  +0.04   -0.53  -0.92  -0.59  +0.06
   0.020    0.7809   +1.297   +15.20%  11.4%    +1.42   +0.89   -17.0%   1.00     1.652   +0.34  +0.82  +0.34  +0.12   -0.28  -0.72  -0.36  +0.12
   0.050    0.7778   +1.297   +15.20%  11.4%    +1.42   +0.89   -17.0%   1.00     0.788   +0.27  +0.48  +0.33  +0.05   -0.15  -0.56  -0.18  +0.06
   0.100    0.7485   +1.297   +15.20%  11.4%    +1.42   +0.89   -17.0%   1.00     0.408   +0.20  +0.31  +0.25  +0.00   -0.13  -0.41  -0.16  +0.04
   0.300    0.7063   +1.307   +15.32%  11.4%    +1.39   +0.90   -17.0%   0.98     0.156   +0.09  +0.19  +0.24  -0.03   -0.08  -0.19  -0.11  +0.01
   1.000    0.6949   +1.307   +15.32%  11.4%    +1.39   +0.90   -17.0%   0.98     0.085   +0.06  +0.15  +0.20  +0.01   -0.02  -0.12  -0.07  +0.03

  [Baselines]
  B&H (100% SP)         AnnRet= +15.20%  Vol=11.4%  ShEx= +1.30  Sortino= +1.42  MDD= -17.0%  FinPP=2.005
  50/50 SP-TB           AnnRet=  +7.56%  Vol= 5.7%  ShEx= +1.30  Sortino= +1.42  MDD=  -8.8%  FinPP=1.431
  100% TB               AnnRet=  +0.06%  Vol= 0.0%  ShEx= +0.00  Sortino=+17418.36  MDD=  +0.0%  FinPP=1.003

============================================================================================================================================
[W2]  Train 1996-01~2015-06  Test 2015-08~2020-06
============================================================================================================================================
   λ_reg  TrainSh*   TestSh    AnnRet    Vol  Sortino  Calmar      MDD   μw_s  slope_L2   α_met   α_wh   α_in  α_ret   β_met   β_wh   β_in  β_ret
---------------------------------------------------------------------------------------------------------------------------------------------------------------------
   0.000    0.5768   +0.465    +6.57%  13.1%    +0.40   +0.33   -20.0%   0.97     1.569   +0.08  +0.28  -0.06  +0.49   +0.25  -0.54  -0.21  -0.92
   0.005    0.5770   +0.465    +6.57%  13.1%    +0.40   +0.33   -20.0%   0.97     1.362   +0.18  +0.39  +0.35  +0.46   +0.29  -0.34  +0.25  -0.76
   0.020    0.5962   +0.483    +7.13%  13.9%    +0.43   +0.36   -20.0%   0.93     2.071   +0.41  +0.62  +1.01  +0.21   +0.24  -0.01  -0.08  -0.62
   0.050    0.5646   +0.616    +9.27%  14.2%    +0.55   +0.46   -20.0%   0.98     0.621   +0.07  +0.26  +0.31  +0.42   +0.06  -0.14  -0.02  -0.50
   0.100    0.5654   +0.616    +9.27%  14.2%    +0.55   +0.46   -20.0%   0.98     0.288   +0.03  +0.18  +0.13  +0.35   +0.04  -0.22  -0.04  -0.25
   0.300    0.5510   +0.622    +9.36%  14.2%    +0.55   +0.47   -20.0%   0.98     0.133   +0.02  +0.14  +0.16  +0.22   +0.01  -0.09  -0.02  -0.17
   1.000    0.5607   +0.471    +6.65%  13.1%    +0.40   +0.33   -20.0%   0.97     0.040   +0.03  +0.07  +0.09  +0.14   +0.03  -0.03  -0.00  -0.08

  [Baselines]
  B&H (100% SP)         AnnRet= +10.84%  Vol=14.6%  ShEx= +0.70  Sortino= +0.63  MDD= -20.0%  FinPP=1.659
  50/50 SP-TB           AnnRet=  +6.18%  Vol= 7.3%  ShEx= +0.70  Sortino= +0.68  MDD= -10.1%  FinPP=1.343
  100% TB               AnnRet=  +1.15%  Vol= 0.2%  ShEx= +0.00  Sortino=+197.37  MDD=  -0.0%  FinPP=1.058

============================================================================================================================================
[W3]  Train 2001-01~2020-06  Test 2020-08~2025-06
============================================================================================================================================
   λ_reg  TrainSh*   TestSh    AnnRet    Vol  Sortino  Calmar      MDD   μw_s  slope_L2   α_met   α_wh   α_in  α_ret   β_met   β_wh   β_in  β_ret
---------------------------------------------------------------------------------------------------------------------------------------------------------------------
   0.000    0.8569   +0.400    +7.89%  14.4%    +0.50   +0.25   -31.3%   0.83     2.012   -0.09  +0.54  -0.35  +0.52   +0.61  -0.23  +0.26  -0.91
   0.005    0.8789   +0.444    +8.60%  14.5%    +0.54   +0.27   -31.7%   0.85     1.577   -0.21  +0.49  -0.19  +0.48   +0.28  -0.21  +0.24  -0.92
   0.020    0.8797   +0.689   +12.21%  14.0%    +0.83   +0.52   -23.7%   0.85     0.970   -0.05  +0.33  +0.04  +0.45   +0.25  -0.14  +0.24  -0.72
   0.050    0.8698   +0.691   +12.24%  14.0%    +0.81   +0.52   -23.7%   0.85     0.436   -0.10  +0.17  +0.00  +0.40   +0.07  -0.20  +0.12  -0.43
   0.100    0.8791   +0.645   +11.46%  13.9%    +0.76   +0.49   -23.5%   0.84     0.351   -0.10  +0.14  +0.01  +0.36   +0.12  -0.14  +0.17  -0.36
   0.300    0.8174   +0.588   +10.65%  14.0%    +0.73   +0.41   -26.2%   0.86     0.143   -0.02  +0.05  +0.04  +0.23   +0.10  -0.16  +0.13  -0.18
   1.000    0.7982   +0.529    +9.88%  14.4%    +0.70   +0.36   -27.7%   0.91     0.053   -0.02  +0.05  +0.03  +0.18   +0.08  -0.05  +0.03  -0.08

  [Baselines]
  B&H (100% SP)         AnnRet= +12.84%  Vol=15.9%  ShEx= +0.66  Sortino= +0.84  MDD= -24.8%  FinPP=1.811
  50/50 SP-TB           AnnRet=  +8.14%  Vol= 8.0%  ShEx= +0.66  Sortino= +1.06  MDD= -12.4%  FinPP=1.469
  100% TB               AnnRet=  +2.97%  Vol= 0.6%  ShEx= +0.00  Sortino=+845475.65  MDD=  +0.0%  FinPP=1.155

  Elapsed: 284.7s
Traceback (most recent call last):
  File "D:\projects\homeostatic-market\sim\run_sharpe_3folds_nolev.py", line 314, in <module>
    pivot = df.pivot(index="lambda_reg", columns="fold", values="sharpe_ex")
  File "C:\Users\hwayo\AppData\Local\Packages\PythonSoftwareFoundation.Python.3.10_qbz5n2kfra8p0\LocalCache\local-packages\Python310\site-packages\pandas\core\frame.py", line 9339, in pivot
    return pivot(self, index=index, columns=columns, values=values)
  File "C:\Users\hwayo\AppData\Local\Packages\PythonSoftwareFoundation.Python.3.10_qbz5n2kfra8p0\LocalCache\local-packages\Python310\site-packages\pandas\core\reshape\pivot.py", line 570, in pivot
    result = indexed.unstack(columns_listlike)  # type: ignore[arg-type]
  File "C:\Users\hwayo\AppData\Local\Packages\PythonSoftwareFoundation.Python.3.10_qbz5n2kfra8p0\LocalCache\local-packages\Python310\site-packages\pandas\core\series.py", line 4615, in unstack
    return unstack(self, level, fill_value, sort)
  File "C:\Users\hwayo\AppData\Local\Packages\PythonSoftwareFoundation.Python.3.10_qbz5n2kfra8p0\LocalCache\local-packages\Python310\site-packages\pandas\core\reshape\reshape.py", line 517, in unstack
    unstacker = _Unstacker(
  File "C:\Users\hwayo\AppData\Local\Packages\PythonSoftwareFoundation.Python.3.10_qbz5n2kfra8p0\LocalCache\local-packages\Python310\site-packages\pandas\core\reshape\reshape.py", line 154, in __init__
    self._make_selectors()
  File "C:\Users\hwayo\AppData\Local\Packages\PythonSoftwareFoundation.Python.3.10_qbz5n2kfra8p0\LocalCache\local-packages\Python310\site-packages\pandas\core\reshape\reshape.py", line 210, in _make_selectors
    raise ValueError("Index contains duplicate entries, cannot reshape")
ValueError: Index contains duplicate entries, cannot reshape
