======================================================================================================================================================
3-fold 10D multi-feat + L2 sweep + ADAPTIVE (expanding) standardization
  Action: 25-grid leverage (total ∈ [1, 2])
  Features: ['metabolism', 'ndx_52wh_ratio', 'ndx_in_range', 'ndx_return']
  Rebalance 3M, Horizon 120M, bootstrap 20 starts
  Train stats: fixed.  Test stats: EXPANDING from train_start
  CMA-ES popsize 100 × 20 gen, seed 42
  λ_reg sweep: [0.0, 0.005, 0.02, 0.05, 0.1, 0.3, 1.0]
======================================================================================================================================================

======================================================================================================================================================
[W1]  Train 1991-01~2010-12 (240M)  Test 2011-07~2015-12 (54M)
======================================================================================================================================================

  Feature z-score range comparison (train fixed vs expanding at test):
    Feature             train_mean  train_std  |  test z-range (fixed)  |  test z-range (expanding)
    metabolism            +0.00638    0.00459  |  [ -1.39,  +4.05]  |  [ -1.37,  +3.88]
    ndx_52wh_ratio        +0.90135    0.14971  |  [ -0.08,  +0.66]  |  [ -0.10,  +0.65]
    ndx_in_range          +0.70214    0.34751  |  [ -1.81,  +0.86]  |  [ -1.99,  +0.85]
    ndx_return            +0.01313    0.07783  |  [ -1.11,  +1.27]  |  [ -1.13,  +1.37]

   λ_reg  TrainSh   TestSh    AnnRet    Vol  Sortino  Calmar      MDD   μTot    sL2   z_max   α_met   α_wh   α_in  α_ret   β_met   β_wh   β_in  β_ret
-------------------------------------------------------------------------------------------------------------------------------------------------------------------------------
   0.000   +0.675   +0.797   +17.91%  24.5%    +0.78   +1.02   -17.5%   2.00   3.37    3.88   +0.21  +1.24  +0.03  -0.03   -0.49  -1.24  -0.07  +0.01
   0.005   +0.675   +0.797   +17.91%  24.5%    +0.78   +1.02   -17.5%   2.00   2.06    3.88   +0.26  +1.04  -0.09  +0.02   -0.28  -0.88  -0.22  +0.05
   0.020   +0.657   +0.797   +17.91%  24.5%    +0.78   +1.02   -17.5%   2.00   1.10    3.88   +0.25  +0.74  +0.01  +0.08   -0.15  -0.68  -0.05  +0.09
   0.050   +0.651   +0.797   +17.91%  24.5%    +0.78   +1.02   -17.5%   2.00   0.43    3.88   +0.19  +0.43  +0.10  +0.04   -0.07  -0.44  -0.05  -0.00
   0.100   +0.645   +0.797   +17.91%  24.5%    +0.78   +1.02   -17.5%   2.00   0.28    3.88   +0.13  +0.32  +0.21  +0.07   -0.07  -0.33  +0.02  -0.00
   0.300   +0.647   +0.797   +17.91%  24.5%    +0.78   +1.02   -17.5%   2.00   0.16    3.88   +0.12  +0.25  +0.18  +0.10   -0.03  -0.20  -0.01  +0.01
   1.000   +0.598   +0.797   +17.91%  24.5%    +0.78   +1.02   -17.5%   2.00   0.07    3.88   +0.07  +0.15  +0.14  +0.07   -0.01  -0.14  -0.05  -0.01

  [Baselines]
  B&H (100% SP)       AnnRet= +9.45%  Vol=12.2%  ShEx=+0.797  Sortino= +0.78  MDD=  -8.9%
  50/50 SP-TB         AnnRet= +4.85%  Vol= 6.1%  ShEx=+0.797  Sortino= +0.79  MDD=  -4.5%
  100% TB             AnnRet= +0.05%  Vol= 0.0%  ShEx=+0.000  Sortino= +9.46  MDD=  -0.0%

======================================================================================================================================================
[W2]  Train 1996-01~2015-12 (240M)  Test 2016-07~2020-12 (54M)
======================================================================================================================================================

  Feature z-score range comparison (train fixed vs expanding at test):
    Feature             train_mean  train_std  |  test z-range (fixed)  |  test z-range (expanding)
    metabolism            +0.00671    0.00500  |  [ -1.26, +12.47]  |  [ -1.27, +10.07]
    ndx_52wh_ratio        +0.90497    0.15035  |  [ -0.52,  +0.63]  |  [ -0.61,  +0.63]
    ndx_in_range          +0.71444    0.34628  |  [ -2.06,  +0.82]  |  [ -2.14,  +0.84]
    ndx_return            +0.01163    0.07619  |  [ -1.32,  +1.84]  |  [ -1.38,  +1.94]

   λ_reg  TrainSh   TestSh    AnnRet    Vol  Sortino  Calmar      MDD   μTot    sL2   z_max   α_met   α_wh   α_in  α_ret   β_met   β_wh   β_in  β_ret
-------------------------------------------------------------------------------------------------------------------------------------------------------------------------------
   0.000   +0.543   +0.659   +18.02%  30.7%    +0.58   +0.46   -38.9%   1.96   3.82   10.07   +0.03  +1.36  +0.01  +0.27   -0.15  -1.34  +0.10  -0.23
   0.005   +0.543   +0.659   +18.02%  30.7%    +0.58   +0.46   -38.9%   1.96   2.86   10.07   +0.04  +1.24  -0.04  +0.26   -0.10  -1.10  +0.04  -0.16
   0.020   +0.525   +0.659   +18.02%  30.7%    +0.58   +0.46   -38.9%   1.96   1.36   10.07   +0.06  +0.82  -0.09  +0.24   -0.11  -0.77  -0.01  -0.06
   0.050   +0.476   +0.659   +18.02%  30.7%    +0.58   +0.46   -38.9%   1.94   0.40   10.07   +0.00  +0.32  +0.15  +0.23   +0.02  -0.42  -0.17  -0.15
   0.100   +0.507   +0.659   +18.02%  30.7%    +0.58   +0.46   -38.9%   1.94   0.26   10.07   +0.11  +0.31  +0.14  +0.18   -0.01  -0.30  -0.09  -0.00
   0.300   +0.459   +0.659   +18.02%  30.7%    +0.58   +0.46   -38.9%   1.96   0.10   10.07   +0.07  +0.22  +0.14  +0.11   -0.02  -0.12  -0.06  -0.00
   1.000   +0.427   +0.659   +18.02%  30.7%    +0.58   +0.46   -38.9%   1.94   0.04   10.07   +0.02  +0.11  +0.11  +0.06   +0.01  -0.07  -0.05  -0.02

  [Baselines]
  B&H (100% SP)       AnnRet=+12.64%  Vol=15.4%  ShEx=+0.773  Sortino= +0.71  MDD= -20.0%
  50/50 SP-TB         AnnRet= +7.11%  Vol= 7.7%  ShEx=+0.773  Sortino= +0.77  MDD= -10.1%
  100% TB             AnnRet= +1.22%  Vol= 0.2%  ShEx=+0.000  Sortino=+350633.37  MDD=  +0.0%

======================================================================================================================================================
[W3]  Train 2001-01~2020-12 (240M)  Test 2021-07~2025-12 (54M)
======================================================================================================================================================

  Feature z-score range comparison (train fixed vs expanding at test):
    Feature             train_mean  train_std  |  test z-range (fixed)  |  test z-range (expanding)
    metabolism            +0.00687    0.00703  |  [ -0.95,  +1.27]  |  [ -0.97,  +1.37]
    ndx_52wh_ratio        +0.91030    0.14820  |  [ -1.61,  +0.61]  |  [ -1.64,  +0.63]
    ndx_in_range          +0.70681    0.35095  |  [ -2.01,  +0.84]  |  [ -2.05,  +0.85]
    ndx_return            +0.00920    0.06361  |  [ -2.25,  +1.83]  |  [ -2.25,  +1.84]

   λ_reg  TrainSh   TestSh    AnnRet    Vol  Sortino  Calmar      MDD   μTot    sL2   z_max   α_met   α_wh   α_in  α_ret   β_met   β_wh   β_in  β_ret
-------------------------------------------------------------------------------------------------------------------------------------------------------------------------------
   0.000   +0.731   +0.479   +13.55%  26.8%    +0.54   +0.30   -45.1%   1.81   3.29    2.25   +0.42  +0.90  +0.76  +0.08   +0.06  +0.69  -0.80  -0.78
   0.005   +0.736   +0.663   +17.71%  23.7%    +0.72   +0.68   -26.0%   1.80   1.78    2.25   +0.12  -0.15  +0.91  +0.22   -0.07  +0.04  -0.73  -0.57
   0.020   +0.724   +0.479   +13.55%  26.8%    +0.54   +0.30   -45.1%   1.81   1.08    2.25   -0.03  +0.17  +0.57  +0.28   +0.06  +0.09  -0.68  -0.42
   0.050   +0.739   +0.663   +17.71%  23.7%    +0.72   +0.68   -26.0%   1.80   0.78    2.25   +0.08  -0.10  +0.62  +0.20   -0.03  -0.01  -0.47  -0.35
   0.100   +0.704   +0.479   +13.55%  26.8%    +0.54   +0.30   -45.1%   1.81   0.29    2.25   +0.04  -0.03  +0.40  +0.25   -0.00  +0.03  -0.24  -0.10
   0.300   +0.663   +0.311    +8.55%  26.0%    +0.38   +0.19   -45.1%   1.80   0.11    2.25   +0.04  +0.00  +0.22  +0.15   +0.02  -0.03  -0.15  -0.10
   1.000   +0.589   +0.232    +6.41%  21.1%    +0.32   +0.25   -26.0%   1.69   0.02    2.25   +0.01  +0.01  +0.11  +0.06   +0.01  -0.00  -0.06  -0.05

  [Baselines]
  B&H (100% SP)       AnnRet=+10.68%  Vol=15.5%  ShEx=+0.506  Sortino= +0.70  MDD= -24.8%
  50/50 SP-TB         AnnRet= +7.44%  Vol= 7.8%  ShEx=+0.506  Sortino= +0.93  MDD= -12.4%
  100% TB             AnnRet= +3.67%  Vol= 0.5%  ShEx=+0.000  Sortino=+1043667.53  MDD=  +0.0%

  Elapsed: 293.7s

================================================================================
Test Sharpe per fold vs λ_reg
================================================================================
fold           W1     W2     W3   mean
lambda_reg                            
0.000       0.797  0.659  0.479  0.645
0.005       0.797  0.659  0.663  0.706
0.020       0.797  0.659  0.479  0.645
0.050       0.797  0.659  0.663  0.706
0.100       0.797  0.659  0.479  0.645
0.300       0.797  0.659  0.311  0.589
1.000       0.797  0.659  0.232  0.563

================================================================================
Test MDD per fold vs λ_reg
================================================================================
fold          W1     W2     W3
lambda_reg                    
0.000      -17.5 -38.92 -45.06
0.005      -17.5 -38.92 -26.02
0.020      -17.5 -38.92 -45.06
0.050      -17.5 -38.92 -26.02
0.100      -17.5 -38.92 -45.06
0.300      -17.5 -38.92 -45.06
1.000      -17.5 -38.92 -26.02


Best λ_reg by mean test Sharpe: 0.005  (mean ShEx = +0.706)

Results saved: result\evolved_sharpe_adaptive.csv

Done.
