============================================================================================================================================
3-fold 10D Multi-Feature Sharpe Evolution with L2 Regularization Sweep
  Features: ['metabolism', 'ndx_52wh_ratio', 'ndx_in_range', 'ndx_return']
  λ_reg sweep: [0.0, 0.005, 0.02, 0.05, 0.1, 0.3, 1.0]
  Fitness = mean_sharpe − λ_reg · Σ(α_i² + β_i²)  [slopes only]
  CMA-ES: popsize 100 × 20 gen, seed 42
============================================================================================================================================

============================================================================================================================================
[W1]  Train 1990-05~2010-06  Test 2010-08~2015-06
============================================================================================================================================
   λ_reg  TrainSh*   TestSh    AnnRet    Vol  Sortino  Calmar      MDD   μTot  slope_L2   α_met   α_wh   α_in  α_ret   β_met   β_wh   β_in  β_ret
---------------------------------------------------------------------------------------------------------------------------------------------------------------------
   0.000    0.7817   +1.297   +30.77%  22.9%    +1.41   +0.96   -31.9%   2.00     3.751   +0.38  +1.21  +0.23  +0.16   -0.55  -1.04  -0.80  +0.18
   0.005    0.7817   +1.297   +30.77%  22.9%    +1.41   +0.96   -31.9%   2.00     2.688   +0.52  +1.12  +0.36  +0.07   -0.25  -0.84  -0.50  +0.07
   0.020    0.7858   +1.297   +30.77%  22.9%    +1.41   +0.96   -31.9%   2.00     1.637   +0.41  +0.92  +0.26  +0.02   -0.18  -0.55  -0.46  +0.03
   0.050    0.7851   +1.297   +30.77%  22.9%    +1.41   +0.96   -31.9%   2.00     0.778   +0.25  +0.51  +0.31  +0.11   -0.18  -0.50  -0.23  +0.12
   0.100    0.7586   +1.297   +30.77%  22.9%    +1.41   +0.96   -31.9%   2.00     0.436   +0.25  +0.33  +0.30  -0.02   -0.07  -0.40  -0.10  -0.00
   0.300    0.7181   +1.307   +31.04%  22.8%    +1.39   +0.97   -31.9%   1.98     0.128   +0.05  +0.18  +0.19  +0.01   -0.09  -0.17  -0.14  +0.05
   1.000    0.7059   +1.307   +31.04%  22.8%    +1.39   +0.97   -31.9%   1.98     0.072   +0.04  +0.14  +0.18  +0.00   -0.03  -0.12  -0.07  +0.03

============================================================================================================================================
[W2]  Train 1996-01~2015-06  Test 2015-08~2020-06
============================================================================================================================================
   λ_reg  TrainSh*   TestSh    AnnRet    Vol  Sortino  Calmar      MDD   μTot  slope_L2   α_met   α_wh   α_in  α_ret   β_met   β_wh   β_in  β_ret
---------------------------------------------------------------------------------------------------------------------------------------------------------------------
   0.000    0.6370   +0.371    +7.46%  26.1%    +0.29   +0.20   -38.1%   1.93     2.168   -0.22  +1.06  +0.53  +0.26   +0.60  -0.19  +0.12  -0.49
   0.005    0.5705   +0.611   +15.35%  28.5%    +0.51   +0.40   -38.1%   1.98     1.194   +0.22  +0.51  +0.52  +0.41   +0.18  -0.14  +0.11  -0.62
   0.020    0.5776   +0.465   +10.16%  26.3%    +0.37   +0.27   -38.1%   1.97     0.717   +0.03  +0.32  +0.21  +0.39   +0.07  -0.28  +0.05  -0.58
   0.050    0.5776   +0.611   +15.35%  28.5%    +0.51   +0.40   -38.1%   1.98     0.415   +0.00  +0.19  +0.14  +0.36   +0.02  -0.25  -0.04  -0.40
   0.100    0.5776   +0.611   +15.35%  28.5%    +0.51   +0.40   -38.1%   1.98     0.328   +0.07  +0.14  +0.21  +0.26   +0.08  -0.21  +0.05  -0.37
   0.300    0.5929   +0.611   +15.35%  28.5%    +0.51   +0.40   -38.1%   1.98     0.126   +0.04  +0.09  +0.18  +0.24   +0.01  -0.09  -0.08  -0.12
   1.000    0.5870   +0.465   +10.16%  26.3%    +0.37   +0.27   -38.1%   1.97     0.058   +0.01  +0.09  +0.09  +0.18   +0.01  -0.05  -0.03  -0.07

============================================================================================================================================
[W3]  Train 2001-01~2020-06  Test 2020-08~2025-06
============================================================================================================================================
   λ_reg  TrainSh*   TestSh    AnnRet    Vol  Sortino  Calmar      MDD   μTot  slope_L2   α_met   α_wh   α_in  α_ret   β_met   β_wh   β_in  β_ret
---------------------------------------------------------------------------------------------------------------------------------------------------------------------
   0.000    0.7792   +0.394   +10.51%  28.7%    +0.41   +0.19   -56.6%   1.83     2.198   -0.61  +0.48  -0.35  +0.56   +0.23  -0.22  +0.19  -1.01
   0.005    0.8834   +0.593   +16.52%  27.5%    +0.62   +0.35   -47.6%   1.83     1.308   -0.08  +0.47  -0.25  +0.46   +0.32  -0.16  +0.09  -0.82
   0.020    0.8159   +0.570   +16.14%  28.5%    +0.62   +0.34   -48.0%   1.90     0.726   -0.04  +0.37  +0.09  +0.39   +0.19  -0.18  +0.12  -0.59
   0.050    0.8657   +0.663   +19.06%  28.1%    +0.68   +0.43   -44.5%   1.86     0.436   -0.09  +0.21  +0.01  +0.39   +0.06  -0.19  +0.12  -0.42
   0.100    0.8227   +0.570   +16.14%  28.5%    +0.62   +0.34   -48.0%   1.90     0.275   -0.02  +0.14  +0.08  +0.34   +0.13  -0.13  +0.12  -0.29
   0.300    0.8197   +0.580   +16.33%  28.0%    +0.63   +0.33   -49.3%   1.85     0.152   -0.03  +0.08  +0.04  +0.28   +0.11  -0.12  +0.11  -0.17
   1.000    0.8072   +0.396   +10.67%  29.6%    +0.44   +0.18   -58.0%   1.88     0.053   -0.02  +0.04  +0.02  +0.17   +0.08  -0.06  +0.05  -0.09

  Elapsed: 238.5s

========================================================================================================================
Sweep Summary: Mean across 3 folds
========================================================================================================================
           sharpe_ex          ann_ret      mdd slope_l2 mean_total
                mean     min     mean     mean     mean       mean
lambda_reg                                                        
0.000         0.6872  0.3708  16.2444 -42.1931   2.7058     1.9209
0.005         0.8335  0.5931  20.8782 -39.2013   1.7302     1.9379
0.020         0.7770  0.4648  19.0249 -39.3350   1.0266     1.9548
0.050         0.8568  0.6106  21.7261 -38.1690   0.5428     1.9492
0.100         0.8256  0.5696  20.7518 -39.3350   0.3463     1.9605
0.300         0.8326  0.5800  20.9041 -39.7490   0.1353     1.9379
1.000         0.7225  0.3956  17.2921 -42.6469   0.0609     1.9435


========================================================================================================================
Per-fold Test Sharpe vs λ_reg
========================================================================================================================
fold              W1        W2        W3      mean
lambda_reg                                        
0.000       1.296703  0.370821  0.394042  0.687188
0.005       1.296703  0.610587  0.593082  0.833457
0.020       1.296703  0.464798  0.569606  0.777036
0.050       1.296703  0.610587  0.663223  0.856838
0.100       1.296703  0.610587  0.569606  0.825632
0.300       1.307262  0.610587  0.580045  0.832631
1.000       1.307262  0.464798  0.395571  0.722544


========================================================================================================================
Per-fold Test MDD vs λ_reg
========================================================================================================================
fold          W1     W2     W3
lambda_reg                    
0.000      -31.9 -38.09 -56.59
0.005      -31.9 -38.09 -47.62
0.020      -31.9 -38.09 -48.02
0.050      -31.9 -38.09 -44.52
0.100      -31.9 -38.09 -48.02
0.300      -31.9 -38.09 -49.26
1.000      -31.9 -38.09 -57.95


Best λ_reg by mean test Sharpe: 0.050  (mean ShEx = +0.857)

Results saved: result\evolved_sharpe_l2reg.csv

Done.
