================================================================================================================================================================
3-fold 10D Sharpe evolution with LGBM-predicted μ_t (3M forecast → monthly)
  LGBM features: 31
  Prospect features (slopes): ['metabolism', 'ndx_52wh_ratio', 'ndx_in_range', 'ndx_return']
  Action: 25-grid leverage,  Rebalance 3M,  Horizon 120M
  Train stats: fixed,  Test stats: expanding
  CMA-ES popsize 100 × 20 gen, seed 42
  λ_reg sweep: [0.0, 0.005, 0.02, 0.05, 0.1, 0.3, 1.0]
================================================================================================================================================================

================================================================================================================================================================
[W1]  Train 1991-01~2010-12 (240M)  Test 2011-07~2015-12 (54M)
================================================================================================================================================================

  LGBM OOS (3M fwd SP compound): R² = -0.6048, Spearman = +0.1640, n=51
  Test μ_t_monthly stats: mean=+0.00125, std=0.01341, range=[-0.02686, +0.04468]

   λ_reg  TrainSh   TestSh    AnnRet    Vol  Sortino  Calmar      MDD   μTot    sL2    μ̄_te   α_met   α_wh   α_in  α_ret   β_met   β_wh   β_in  β_ret
------------------------------------------------------------------------------------------------------------------------------------------------------------------------------------
   0.000   +1.490   +0.370    +2.07%   5.8%    +0.18   +0.33    -6.3%   1.20   0.31  +0.0013   -0.29  +0.00  -0.24  +0.00   +0.07  -0.40  -0.03  +0.01
   0.005   +1.490   +0.562    +3.88%   7.1%    +0.32   +0.62    -6.3%   1.22   0.41  +0.0013   -0.29  +0.06  -0.33  -0.01   +0.06  -0.46  -0.06  +0.05
   0.020   +1.496   +0.328    +1.81%   5.8%    +0.13   +0.29    -6.3%   1.20   0.17  +0.0013   -0.24  +0.05  -0.18  +0.04   +0.16  -0.22  -0.03  +0.08
   0.050   +1.490   -0.038    -1.36%  13.6%    -0.01   +0.09   -14.4%   1.22   0.04  +0.0013   +0.07  +0.06  -0.07  -0.08   +0.05  -0.08  -0.02  +0.10
   0.100   +1.489   -0.038    -1.36%  13.6%    -0.01   +0.09   -14.4%   1.24   0.02  +0.0013   +0.06  -0.04  +0.03  -0.00   +0.04  -0.06  -0.01  +0.08
   0.300   +1.488   +0.161    +1.38%  14.5%    +0.08   +0.10   -14.4%   1.26   0.01  +0.0013   +0.03  -0.02  +0.06  -0.00   +0.00  +0.00  -0.01  +0.04
   1.000   +1.490   -0.038    -1.36%  13.6%    -0.01   +0.09   -14.4%   1.22   0.00  +0.0013   +0.01  -0.01  +0.03  -0.02   -0.00  +0.01  -0.01  +0.02

  [Baselines]
  B&H (100% SP)       AnnRet= +9.45%  Vol=12.2%  ShEx=+0.797  MDD=  -8.9%
  50/50 SP-TB         AnnRet= +4.85%  Vol= 6.1%  ShEx=+0.797  MDD=  -4.5%
  100% TB             AnnRet= +0.05%  Vol= 0.0%  ShEx=+0.000  MDD=  -0.0%

================================================================================================================================================================
[W2]  Train 1996-01~2015-12 (240M)  Test 2016-07~2020-12 (54M)
================================================================================================================================================================

  LGBM OOS (3M fwd SP compound): R² = -0.0487, Spearman = +0.2003, n=51
  Test μ_t_monthly stats: mean=+0.00818, std=0.01179, range=[-0.02322, +0.03967]

   λ_reg  TrainSh   TestSh    AnnRet    Vol  Sortino  Calmar      MDD   μTot    sL2    μ̄_te   α_met   α_wh   α_in  α_ret   β_met   β_wh   β_in  β_ret
------------------------------------------------------------------------------------------------------------------------------------------------------------------------------------
   0.000   +1.537   +1.036   +22.45%  20.5%    +0.74   +1.21   -18.6%   1.54   0.36  +0.0082   -0.13  -0.10  -0.32  +0.14   -0.15  -0.41  -0.15  +0.08
   0.005   +1.536   +1.036   +22.45%  20.5%    +0.74   +1.21   -18.6%   1.54   0.38  +0.0082   -0.06  -0.09  -0.32  +0.11   -0.07  -0.48  -0.07  +0.07
   0.020   +1.521   +0.809   +16.37%  19.7%    +0.52   +0.88   -18.6%   1.54   0.11  +0.0082   -0.18  +0.07  -0.14  -0.04   +0.02  -0.16  -0.05  +0.14
   0.050   +1.538   +1.036   +22.45%  20.5%    +0.74   +1.21   -18.6%   1.50   0.06  +0.0082   -0.00  -0.06  -0.06  +0.05   +0.01  -0.19  +0.10  -0.01
   0.100   +1.539   +1.209   +25.82%  19.7%    +0.91   +1.39   -18.6%   1.46   0.02  +0.0082   +0.04  -0.03  -0.03  +0.05   +0.04  -0.09  +0.08  +0.01
   0.300   +1.550   +1.207   +25.76%  19.7%    +0.84   +1.39   -18.6%   1.48   0.01  +0.0082   +0.01  -0.07  +0.00  +0.04   +0.03  +0.00  -0.01  +0.02
   1.000   +1.549   +1.207   +25.76%  19.7%    +0.84   +1.39   -18.6%   1.48   0.00  +0.0082   +0.01  -0.03  +0.01  +0.02   +0.01  +0.03  +0.02  +0.01

  [Baselines]
  B&H (100% SP)       AnnRet=+12.64%  Vol=15.4%  ShEx=+0.773  MDD= -20.0%
  50/50 SP-TB         AnnRet= +7.11%  Vol= 7.7%  ShEx=+0.773  MDD= -10.1%
  100% TB             AnnRet= +1.22%  Vol= 0.2%  ShEx=+0.000  MDD=  +0.0%

================================================================================================================================================================
[W3]  Train 2001-01~2020-12 (240M)  Test 2021-07~2025-12 (54M)
================================================================================================================================================================

  LGBM OOS (3M fwd SP compound): R² = -0.7809, Spearman = -0.0262, n=51
  Test μ_t_monthly stats: mean=-0.00515, std=0.01273, range=[-0.02350, +0.02755]

   λ_reg  TrainSh   TestSh    AnnRet    Vol  Sortino  Calmar      MDD   μTot    sL2    μ̄_te   α_met   α_wh   α_in  α_ret   β_met   β_wh   β_in  β_ret
------------------------------------------------------------------------------------------------------------------------------------------------------------------------------------
   0.000   +1.764   +0.429    +9.18%  14.6%    +0.24   +0.54   -16.9%   1.11   0.40  -0.0051   -0.15  -0.17  -0.08  +0.10   -0.27  -0.50  +0.11  +0.03
   0.005   +1.765   +0.429    +9.18%  14.6%    +0.24   +0.54   -16.9%   1.11   0.17  -0.0051   -0.14  -0.01  -0.13  +0.05   -0.25  -0.25  +0.03  -0.07
   0.020   +1.762   +0.429    +9.18%  14.6%    +0.24   +0.54   -16.9%   1.11   0.09  -0.0051   -0.06  +0.03  -0.17  +0.08   -0.13  -0.18  -0.04  -0.01
   0.050   +1.761   +0.429    +9.18%  14.6%    +0.24   +0.54   -16.9%   1.07   0.02  -0.0051   +0.03  +0.04  -0.02  +0.09   -0.01  -0.07  +0.07  +0.01
   0.100   +1.761   +0.429    +9.18%  14.6%    +0.24   +0.54   -16.9%   1.07   0.01  -0.0051   +0.03  +0.01  +0.00  +0.08   +0.00  -0.05  +0.02  -0.01
   0.300   +1.760   +0.429    +9.18%  14.6%    +0.24   +0.54   -16.9%   1.07   0.00  -0.0051   +0.01  -0.01  +0.02  +0.06   -0.01  +0.00  +0.01  -0.01
   1.000   +1.760   +0.429    +9.18%  14.6%    +0.24   +0.54   -16.9%   1.07   0.00  -0.0051   +0.01  -0.00  +0.01  +0.04   +0.00  +0.00  +0.02  -0.02

  [Baselines]
  B&H (100% SP)       AnnRet=+10.68%  Vol=15.5%  ShEx=+0.506  MDD= -24.8%
  50/50 SP-TB         AnnRet= +7.44%  Vol= 7.8%  ShEx=+0.506  MDD= -12.4%
  100% TB             AnnRet= +3.67%  Vol= 0.5%  ShEx=+0.000  MDD=  +0.0%

  Elapsed: 411.6s

==========================================================================================
Test Sharpe vs λ_reg (with LGBM-μ)
==========================================================================================
fold           W1     W2     W3   mean
lambda_reg                            
0.000       0.370  1.036  0.429  0.612
0.005       0.562  1.036  0.429  0.676
0.020       0.328  0.809  0.429  0.522
0.050      -0.038  1.036  0.429  0.476
0.100      -0.038  1.209  0.429  0.533
0.300       0.161  1.207  0.429  0.599
1.000      -0.038  1.207  0.429  0.533

==========================================================================================
Test MDD vs λ_reg
==========================================================================================
fold           W1     W2     W3
lambda_reg                     
0.000       -6.26 -18.55 -16.93
0.005       -6.26 -18.55 -16.93
0.020       -6.26 -18.55 -16.93
0.050      -14.35 -18.55 -16.93
0.100      -14.35 -18.55 -16.93
0.300      -14.35 -18.55 -16.93
1.000      -14.35 -18.55 -16.93


LGBM OOS predictive power per fold:
  W1: R² = -0.6048, Spearman = +0.1640
  W2: R² = -0.0487, Spearman = +0.2003
  W3: R² = -0.7809, Spearman = -0.0262

Best λ_reg by mean test Sharpe: 0.005  (mean ShEx = +0.676)

Results saved: result\evolved_sharpe_lgbm_mu.csv

Done.
