============================================================================================================================================
3-fold Sharpe Evolution with Metabolism as Observation Feature
  Action grid: 25 points, Horizon: 120M, bootstrap starts: 20
  Borrow cost: tbill (metabolism removed from cost channel)
  PP dynamics: pp *= (1+r), no metabolism deflation
  Fitness: mean excess Sharpe (over tbill) across bootstraps
  Policy: α_t = clip(α₀ + α₁·met_z, (0.5, 5.0)), same for β_t
  CMA-ES 4D: popsize 100 × 20 gen, seed 42
    α₀, β₀ ∈ [1, 3],  α₁, β₁ ∈ [-1, 1]
============================================================================================================================================

============================================================================================================================================
[W1]  Train: 1990-05 ~ 2010-06 (242M)  Test: 2010-08 ~ 2015-06 (59M)
  met_train: mean=0.00642, std=0.00456
============================================================================================================================================

[Evolution 4D: (α₀, α₁, β₀, β₁)]
   Gen    μ(α₀)   μ(α₁)   μ(β₀)   μ(β₁)    BestSh   EliteMeanSh
     1    2.070  +0.035   1.798  -0.201     0.365         0.279
     2    2.280  -0.008   1.632  -0.249     0.415         0.266
     3    2.197  -0.075   1.452  -0.215     0.331         0.263
     4    2.227  -0.042   1.425  -0.135     0.366         0.263
     5    2.287  -0.025   1.223  -0.146     0.275         0.253
     6    2.318  -0.073   1.256  -0.086     0.275         0.255
     7    2.378  -0.049   1.293  +0.005     0.282         0.257
     8    2.397  -0.002   1.308  +0.008     0.275         0.254
     9    2.364  -0.061   1.333  +0.014     0.275         0.255
    10    2.398  -0.087   1.312  +0.124     0.273         0.256
    11    2.362  -0.115   1.311  +0.178     0.275         0.262
    12    2.409  -0.166   1.297  +0.215     0.275         0.268
    13    2.384  -0.190   1.243  +0.226     0.275         0.270
    14    2.409  -0.196   1.236  +0.235     0.275         0.270
    15    2.400  -0.184   1.215  +0.256     0.275         0.273
    16    2.434  -0.202   1.217  +0.247     0.275         0.273
    17    2.467  -0.200   1.226  +0.251     0.275         0.273
    18    2.455  -0.189   1.222  +0.261     0.275         0.273
    19    2.456  -0.172   1.228  +0.264     0.275         0.274
    20    2.442  -0.159   1.244  +0.264     0.275         0.274

[Evolved 4D]  α₀=2.442, α₁=-0.159, β₀=1.244, β₁=+0.264, λ_base=β₀/α₀=0.509

[Evolution 2D baseline: (α, β constant)]
   Gen     μ(α)    μ(β)    BestSh   EliteMeanSh
     1    2.138   1.965     0.306         0.262
     2    2.147   1.967     0.308         0.266
     3    2.106   1.986     0.320         0.265
     4    2.093   1.873     0.321         0.260
     5    1.958   1.977     0.332         0.268
     6    2.006   2.126     0.308         0.268
     7    2.039   2.169     0.341         0.275
     8    2.057   2.086     0.308         0.266
     9    1.993   2.077     0.311         0.268
    10    2.005   2.045     0.308         0.269
    11    1.990   2.057     0.332         0.295
    12    1.996   2.080     0.321         0.305
    13    2.003   2.091     0.321         0.308
    14    2.007   2.092     0.334         0.308
    15    2.014   2.100     0.330         0.307
    16    2.007   2.099     0.334         0.309
    17    2.011   2.090     0.316         0.306
    18    2.005   2.095     0.325         0.303
    19    2.011   2.098     0.316         0.304
    20    2.004   2.089     0.325         0.302

[Evolved 2D]  α*=2.004, β*=2.089, λ=1.042

[OOS Test: 2010-08~2015-06]
  Strategy         α₀    α₁    β₀    β₁    AnnRet     Vol    ShEx  Sortino  Calmar       MDD   FinPP   Died  μTotal
--------------------------------------------------------------------------------------------------------------------------------------------
  Evolved-4D     2.44 -0.16  1.24 +0.26   +34.95%   21.6%   +1.51    +1.78   +1.71    -20.5%   4.366      —   1.983
  Evolved-2D     2.00 +0.00  2.09 +0.00   +30.77%   22.9%   +1.30    +1.41   +0.96    -31.9%   3.739      —   2.000
  Kahneman       1.00 +0.00  2.25 +0.00    +0.06%    0.0%   +0.00  +17418.36   +0.00     +0.0%   1.003      —   1.000
  Symmetric      1.00 +0.00  1.00 +0.00   +30.77%   22.9%   +1.30    +1.41   +0.96    -31.9%   3.739      —   2.000
  B&H                                     +15.20%   11.4%   +1.30    +1.42   +0.89    -17.0%   2.005
  50/50                                    +7.56%    5.7%   +1.30    +1.42   +0.86     -8.8%   1.431

[Evolved-4D action distribution (W1 test)]
  (w_s, w_b)       total  count    pct
  (2.00, 0.00)      2.00     58    98%
  (0.00, 1.00)      1.00      1     2%

============================================================================================================================================
[W2]  Train: 1996-01 ~ 2015-06 (234M)  Test: 2015-08 ~ 2020-06 (59M)
  met_train: mean=0.00672, std=0.00503
============================================================================================================================================

[Evolution 4D: (α₀, α₁, β₀, β₁)]
   Gen    μ(α₀)   μ(α₁)   μ(β₀)   μ(β₁)    BestSh   EliteMeanSh
     1    1.897  -0.272   2.275  +0.070     0.432         0.223
     2    1.751  -0.441   2.360  +0.019     0.425         0.236
     3    1.759  -0.555   2.362  +0.158     0.544         0.297
     4    1.857  -0.612   2.442  +0.258     0.418         0.229
     5    1.748  -0.605   2.303  +0.203     0.568         0.277
     6    1.769  -0.575   2.353  +0.055     0.557         0.309
     7    1.815  -0.571   2.313  +0.145     0.494         0.249
     8    1.789  -0.564   2.258  +0.137     0.549         0.273
     9    1.830  -0.508   2.175  +0.139     0.275         0.245
    10    1.862  -0.496   2.152  +0.055     0.305         0.273
    11    1.874  -0.482   2.172  +0.039     0.327         0.267
    12    1.866  -0.495   2.180  +0.013     0.471         0.296
    13    1.859  -0.485   2.170  -0.026     0.315         0.295
    14    1.864  -0.482   2.167  -0.053     0.343         0.297
    15    1.859  -0.468   2.182  -0.046     0.363         0.297
    16    1.882  -0.500   2.178  -0.055     0.354         0.294
    17    1.884  -0.516   2.168  -0.043     0.352         0.298
    18    1.880  -0.505   2.156  -0.047     0.341         0.298
    19    1.882  -0.514   2.144  -0.039     0.305         0.298
    20    1.874  -0.522   2.143  -0.036     0.312         0.295

[Evolved 4D]  α₀=1.874, α₁=-0.522, β₀=2.143, β₁=-0.036, λ_base=β₀/α₀=1.143

[Evolution 2D baseline: (α, β constant)]
   Gen     μ(α)    μ(β)    BestSh   EliteMeanSh
     1    2.013   1.942     0.463         0.173
     2    1.806   2.110     0.504         0.227
     3    1.744   2.196     0.477         0.338
     4    1.791   2.205     0.477         0.376
     5    1.785   2.220     0.517         0.389
     6    1.800   2.233     0.522         0.420
     7    1.792   2.242     0.520         0.424
     8    1.782   2.216     0.532         0.463
     9    1.791   2.225     0.520         0.444
    10    1.787   2.215     0.511         0.439
    11    1.783   2.214     0.539         0.465
    12    1.789   2.217     0.539         0.459
    13    1.790   2.227     0.532         0.467
    14    1.789   2.224     0.532         0.465
    15    1.799   2.231     0.517         0.453
    16    1.796   2.229     0.513         0.455
    17    1.793   2.226     0.539         0.446
    18    1.796   2.232     0.532         0.445
    19    1.801   2.238     0.517         0.449
    20    1.795   2.226     0.532         0.453

[Evolved 2D]  α*=1.795, β*=2.226, λ=1.240

[OOS Test: 2015-08~2020-06]
  Strategy         α₀    α₁    β₀    β₁    AnnRet     Vol    ShEx  Sortino  Calmar       MDD   FinPP   Died  μTotal
--------------------------------------------------------------------------------------------------------------------------------------------
  Evolved-4D     1.87 -0.52  2.14 -0.04    +5.26%   24.5%   +0.29    +0.22   +0.14    -38.1%   1.286     s1   1.746
  Evolved-2D     1.79 +0.00  2.23 +0.00    +2.39%   21.9%   +0.17    +0.14   +0.06    -38.6%   1.123     s1   1.746
  Kahneman       1.00 +0.00  2.25 +0.00    +1.15%    0.2%   +0.00  +197.37  +687.11     -0.0%   1.058      —   1.000
  Symmetric      1.00 +0.00  1.00 +0.00   +18.74%   29.1%   +0.70    +0.59   +0.49    -38.1%   2.327     s1   2.000
  B&H                                     +10.84%   14.6%   +0.70    +0.63   +0.54    -20.0%   1.659
  50/50                                    +6.18%    7.3%   +0.70    +0.68   +0.61    -10.1%   1.343

[Evolved-4D action distribution (W2 test)]
  (w_s, w_b)       total  count    pct
  (2.00, 0.00)      2.00     44    75%
  (0.00, 1.00)      1.00     15    25%

============================================================================================================================================
[W3]  Train: 2001-01 ~ 2020-06 (234M)  Test: 2020-08 ~ 2025-06 (59M)
  met_train: mean=0.00679, std=0.00707
============================================================================================================================================

[Evolution 4D: (α₀, α₁, β₀, β₁)]
   Gen    μ(α₀)   μ(α₁)   μ(β₀)   μ(β₁)    BestSh   EliteMeanSh
     1    2.165  -0.318   1.999  +0.208     0.708         0.510
     2    2.076  -0.429   2.099  +0.336     0.656         0.540
     3    2.040  -0.508   2.238  +0.400     0.619         0.564
     4    2.001  -0.581   2.306  +0.348     0.624         0.591
     5    1.984  -0.583   2.225  +0.273     0.640         0.611
     6    1.995  -0.569   2.257  +0.213     0.630         0.608
     7    2.018  -0.547   2.274  +0.257     0.637         0.619
     8    2.006  -0.532   2.298  +0.185     0.638         0.620
     9    2.013  -0.535   2.291  +0.197     0.633         0.622
    10    2.002  -0.526   2.278  +0.183     0.642         0.622
    11    2.012  -0.549   2.282  +0.214     0.631         0.621
    12    2.012  -0.568   2.286  +0.221     0.632         0.623
    13    1.999  -0.568   2.283  +0.200     0.625         0.621
    14    2.004  -0.566   2.283  +0.202     0.630         0.622
    15    2.008  -0.553   2.293  +0.216     0.631         0.623
    16    2.025  -0.564   2.303  +0.208     0.625         0.621
    17    2.027  -0.568   2.292  +0.244     0.632         0.623
    18    2.026  -0.567   2.297  +0.243     0.632         0.623
    19    2.022  -0.570   2.301  +0.231     0.644         0.625
    20    2.026  -0.571   2.298  +0.227     0.642         0.623

[Evolved 4D]  α₀=2.026, α₁=-0.571, β₀=2.298, β₁=+0.227, λ_base=β₀/α₀=1.135

[Evolution 2D baseline: (α, β constant)]
   Gen     μ(α)    μ(β)    BestSh   EliteMeanSh
     1    1.777   1.897     0.697         0.471
     2    1.652   2.032     0.697         0.531
     3    1.682   2.105     0.656         0.533
     4    1.762   2.195     0.705         0.586
     5    1.751   2.123     0.725         0.658
     6    1.785   2.151     0.725         0.650
     7    1.788   2.158     0.731         0.640
     8    1.778   2.147     0.725         0.654
     9    1.775   2.150     0.731         0.676
    10    1.775   2.144     0.731         0.676
    11    1.780   2.137     0.724         0.694
    12    1.776   2.134     0.725         0.681
    13    1.781   2.143     0.725         0.672
    14    1.769   2.132     0.725         0.681
    15    1.766   2.141     0.709         0.661
    16    1.767   2.141     0.725         0.687
    17    1.767   2.135     0.725         0.674
    18    1.763   2.131     0.731         0.678
    19    1.759   2.120     0.725         0.679
    20    1.758   2.123     0.725         0.675

[Evolved 2D]  α*=1.758, β*=2.123, λ=1.207

[OOS Test: 2020-08~2025-06]
  Strategy         α₀    α₁    β₀    β₁    AnnRet     Vol    ShEx  Sortino  Calmar       MDD   FinPP   Died  μTotal
--------------------------------------------------------------------------------------------------------------------------------------------
  Evolved-4D     2.03 -0.57  2.30 +0.23   +23.65%   27.6%   +0.81    +0.78   +0.86    -27.4%   2.840     s1   1.712
  Evolved-2D     1.76 +0.00  2.12 +0.00   +10.88%   13.7%   +0.61    +0.49   +0.67    -16.2%   1.662     s1   1.288
  Kahneman       1.00 +0.00  2.25 +0.00    +2.97%    0.6%   +0.00  +845475.65   +0.00     +0.0%   1.155      —   1.000
  Symmetric      1.00 +0.00  1.00 +0.00   +20.51%   31.8%   +0.66    +0.75   +0.44    -46.3%   2.502     s1   2.000
  B&H                                     +12.84%   15.9%   +0.66    +0.84   +0.52    -24.8%   1.811
  50/50                                    +8.14%    8.0%   +0.66    +1.06   +0.65    -12.4%   1.469

[Evolved-4D action distribution (W3 test)]
  (w_s, w_b)       total  count    pct
  (2.00, 0.00)      2.00     42    71%
  (0.00, 1.00)      1.00     15    25%
  (0.50, 0.50)      1.00      1     2%
  (0.25, 0.75)      1.00      1     2%


Results saved: result\evolved_sharpe_metafeat.csv

==================================================================================================================================
Fold Summary (Evolved-4D, met-conditional)
==================================================================================================================================
  Fold  Train                   Test                        α₀      α₁     β₀      β₁   λ_base
  W1    1990-05~2010-06         2010-08~2015-06          2.442  -0.159  1.244  +0.264    0.509
  W2    1996-01~2015-06         2015-08~2020-06          1.874  -0.522  2.143  -0.036    1.143
  W3    2001-01~2020-06         2020-08~2025-06          2.026  -0.571  2.298  +0.227    1.135

Done.
