============================================================================================================================================
3-fold Multi-Feature Sharpe Evolution (10D)
  Features (4): ['metabolism', 'ndx_52wh_ratio', 'ndx_in_range', 'ndx_return']
  Policy: α_t = clip(α₀ + Σ α_i·f_i_z, (0.5, 5.0)), same for β
  Borrow cost: tbill. No PP deflation.
  CMA-ES: popsize 100 × 20 gen, seed 42
    α₀, β₀ ∈ [1, 3],  α_i, β_i ∈ [-1.5, 1.5]
============================================================================================================================================

============================================================================================================================================
[W1]  Train: 1990-05~2010-06 (242M)  Test: 2010-08~2015-06 (59M)
============================================================================================================================================
  Train feature stats:
    metabolism         mean=+0.00642 std=0.00456
    ndx_52wh_ratio     mean=+0.89908 std=0.14996
    ndx_in_range       mean=+0.69137 std=0.35520
    ndx_return         mean=+0.01198 std=0.07863

  Feature correlation matrix (train):
                          metabolism  ndx_52wh_rat  ndx_in_range    ndx_return
    metabolism                +1.000        -0.187        -0.121        +0.017
    ndx_52wh_ratio            -0.187        +1.000        +0.866        +0.107
    ndx_in_range              -0.121        +0.866        +1.000        +0.099
    ndx_return                +0.017        +0.107        +0.099        +1.000

[Evolution 2D baseline]
   Gen     μ(α)    μ(β)      Best   EliteMean
     1    2.138   1.965     0.306       0.262
     5    1.958   1.977     0.332       0.268
     9    1.993   2.077     0.311       0.268
    13    2.003   2.091     0.321       0.308
    17    2.011   2.090     0.316       0.306
    20    2.004   2.089     0.325       0.302

[Evolved 2D]  α=2.004, β=2.089, λ=1.042
  Test: AnnRet=+30.77%  ShEx=+1.297  MDD=-31.9%  μTot=2.000

[Evolution 10D: metabolism + 3 NDX features]
  Gen       α₀     β₀ | metaboli | ndx_52wh | ndx_in_r | ndx_retu     Best  EliteMn
    1    2.114  2.052 | α: +0.182 +0.467 +0.406 +0.184 | β: -0.119 -0.238 -0.333 -0.175    0.581    0.478
    5    2.426  1.511 | α: +0.287 +0.825 +0.413 +0.089 | β: -0.492 -0.678 -0.711 -0.039    0.773    0.679
    9    2.566  1.459 | α: +0.494 +1.086 +0.273 +0.087 | β: -0.549 -0.868 -0.831 +0.206    0.775    0.743
   13    2.558  1.350 | α: +0.382 +1.140 +0.168 +0.104 | β: -0.533 -0.987 -0.852 +0.192    0.786    0.772
   17    2.574  1.377 | α: +0.401 +1.233 +0.204 +0.159 | β: -0.550 -1.036 -0.837 +0.160    0.786    0.783
   20    2.584  1.407 | α: +0.381 +1.212 +0.227 +0.164 | β: -0.553 -1.040 -0.799 +0.183    0.786    0.784

[Evolved 10D]  α₀=2.584 β₀=1.407 λ_base=0.544
    metabolism          α_f=+0.381  β_f=-0.553
    ndx_52wh_ratio      α_f=+1.212  β_f=-1.040
    ndx_in_range        α_f=+0.227  β_f=-0.799
    ndx_return          α_f=+0.164  β_f=+0.183

[OOS Test: 2010-08~2015-06]
  Strategy           α₀    β₀    AnnRet     Vol    ShEx  Sortino  Calmar       MDD   FinPP  μTotal  α_mean β_mean
--------------------------------------------------------------------------------------------------------------------------------------------
  Evolved-10D      2.58  1.41   +30.77%   22.9%   +1.30    +1.41   +0.96    -31.9%   3.739   2.000   3.382  0.809
  Evolved-2D       2.00  2.09   +30.77%   22.9%   +1.30    +1.41   +0.96    -31.9%   3.739   2.000   2.004  2.089
  Kahneman         1.00  2.25    +0.06%    0.0%   +0.00  +17418.36   +0.00     +0.0%   1.003   1.000   1.000  2.250
  Symmetric        1.00  1.00   +30.77%   22.9%   +1.30    +1.41   +0.96    -31.9%   3.739   2.000   1.000  1.000
  B&H                           +15.20%   11.4%   +1.30    +1.42   +0.89    -17.0%   2.005
  50/50                          +7.56%    5.7%   +1.30    +1.42   +0.86     -8.8%   1.431

[Evolved-10D action distribution (W1 test, top)]
  (w_s, w_b)       total  count    pct
  (2.00, 0.00)      2.00     59   100%

============================================================================================================================================
[W2]  Train: 1996-01~2015-06 (234M)  Test: 2015-08~2020-06 (59M)
============================================================================================================================================
  Train feature stats:
    metabolism         mean=+0.00672 std=0.00503
    ndx_52wh_ratio     mean=+0.90331 std=0.15179
    ndx_in_range       mean=+0.71434 std=0.34607
    ndx_return         mean=+0.01170 std=0.07662

  Feature correlation matrix (train):
                          metabolism  ndx_52wh_rat  ndx_in_range    ndx_return
    metabolism                +1.000        -0.158        -0.119        +0.003
    ndx_52wh_ratio            -0.158        +1.000        +0.880        +0.118
    ndx_in_range              -0.119        +0.880        +1.000        +0.108
    ndx_return                +0.003        +0.118        +0.108        +1.000

[Evolution 2D baseline]
   Gen     μ(α)    μ(β)      Best   EliteMean
     1    2.013   1.942     0.463       0.173
     5    1.785   2.220     0.517       0.389
     9    1.791   2.225     0.520       0.444
    13    1.790   2.227     0.532       0.467
    17    1.793   2.226     0.539       0.446
    20    1.795   2.226     0.532       0.453

[Evolved 2D]  α=1.795, β=2.226, λ=1.240
  Test: AnnRet=+2.39%  ShEx=+0.174  MDD=-38.6%  μTot=1.746

[Evolution 10D: metabolism + 3 NDX features]
  Gen       α₀     β₀ | metaboli | ndx_52wh | ndx_in_r | ndx_retu     Best  EliteMn
    1    2.062  2.121 | α: +0.104 +0.416 +0.396 +0.154 | β: -0.013 -0.287 -0.249 -0.309    0.517    0.357
    5    2.418  1.579 | α: -0.129 +0.594 +0.209 +0.290 | β: +0.032 -0.449 -0.165 -0.577    0.574    0.492
    9    2.484  1.401 | α: -0.033 +0.648 +0.283 +0.376 | β: +0.353 -0.397 -0.065 -0.659    0.604    0.531
   13    2.470  1.239 | α: -0.170 +0.892 +0.333 +0.369 | β: +0.365 -0.330 +0.058 -0.657    0.611    0.549
   17    2.459  1.188 | α: -0.217 +1.067 +0.493 +0.326 | β: +0.523 -0.219 +0.116 -0.586    0.633    0.604
   20    2.499  1.142 | α: -0.216 +1.061 +0.527 +0.260 | β: +0.601 -0.195 +0.118 -0.486    0.670    0.638

[Evolved 10D]  α₀=2.499 β₀=1.142 λ_base=0.457
    metabolism          α_f=-0.216  β_f=+0.601
    ndx_52wh_ratio      α_f=+1.061  β_f=-0.195
    ndx_in_range        α_f=+0.527  β_f=+0.118
    ndx_return          α_f=+0.260  β_f=-0.486

[OOS Test: 2015-08~2020-06]
  Strategy           α₀    β₀    AnnRet     Vol    ShEx  Sortino  Calmar       MDD   FinPP  μTotal  α_mean β_mean
--------------------------------------------------------------------------------------------------------------------------------------------
  Evolved-10D      2.50  1.14    +7.46%   26.1%   +0.37    +0.29   +0.20    -38.1%   1.424   1.932   3.096  1.265
  Evolved-2D       1.79  2.23    +2.39%   21.9%   +0.17    +0.14   +0.06    -38.6%   1.123   1.746   1.795  2.226
  Kahneman         1.00  2.25    +1.15%    0.2%   +0.00  +197.37  +687.11     -0.0%   1.058   1.000   1.000  2.250
  Symmetric        1.00  1.00   +18.74%   29.1%   +0.70    +0.59   +0.49    -38.1%   2.327   2.000   1.000  1.000
  B&H                           +10.84%   14.6%   +0.70    +0.63   +0.54    -20.0%   1.659
  50/50                          +6.18%    7.3%   +0.70    +0.68   +0.61    -10.1%   1.343

[Evolved-10D action distribution (W2 test, top)]
  (w_s, w_b)       total  count    pct
  (2.00, 0.00)      2.00     55    93%
  (0.00, 1.00)      1.00      4     7%

============================================================================================================================================
[W3]  Train: 2001-01~2020-06 (234M)  Test: 2020-08~2025-06 (59M)
============================================================================================================================================
  Train feature stats:
    metabolism         mean=+0.00679 std=0.00707
    ndx_52wh_ratio     mean=+0.90861 std=0.14960
    ndx_in_range       mean=+0.70103 std=0.35318
    ndx_return         mean=+0.00835 std=0.06333

  Feature correlation matrix (train):
                          metabolism  ndx_52wh_rat  ndx_in_range    ndx_return
    metabolism                +1.000        -0.128        -0.120        +0.064
    ndx_52wh_ratio            -0.128        +1.000        +0.845        +0.086
    ndx_in_range              -0.120        +0.845        +1.000        +0.030
    ndx_return                +0.064        +0.086        +0.030        +1.000

[Evolution 2D baseline]
   Gen     μ(α)    μ(β)      Best   EliteMean
     1    1.777   1.897     0.697       0.471
     5    1.751   2.123     0.725       0.658
     9    1.775   2.150     0.731       0.676
    13    1.781   2.143     0.725       0.672
    17    1.767   2.135     0.725       0.674
    20    1.758   2.123     0.725       0.675

[Evolved 2D]  α=1.758, β=2.123, λ=1.207
  Test: AnnRet=+10.88%  ShEx=+0.605  MDD=-16.2%  μTot=1.288

[Evolution 10D: metabolism + 3 NDX features]
  Gen       α₀     β₀ | metaboli | ndx_52wh | ndx_in_r | ndx_retu     Best  EliteMn
    1    2.121  2.006 | α: -0.139 +0.372 +0.190 +0.119 | β: +0.183 +0.049 -0.298 -0.065    0.761    0.552
    5    2.464  1.733 | α: -0.402 +0.491 -0.076 +0.351 | β: +0.427 -0.124 -0.015 -0.653    0.876    0.742
    9    2.615  1.654 | α: -0.517 +0.496 -0.184 +0.454 | β: +0.529 -0.165 -0.023 -0.835    0.857    0.795
   13    2.563  1.657 | α: -0.627 +0.464 -0.336 +0.471 | β: +0.313 -0.236 +0.022 -0.906    0.841    0.821
   17    2.548  1.680 | α: -0.624 +0.507 -0.374 +0.525 | β: +0.208 -0.218 +0.114 -1.015    0.901    0.854
   20    2.572  1.706 | α: -0.608 +0.484 -0.350 +0.558 | β: +0.232 -0.221 +0.192 -1.010    0.950    0.863

[Evolved 10D]  α₀=2.572 β₀=1.706 λ_base=0.663
    metabolism          α_f=-0.608  β_f=+0.232
    ndx_52wh_ratio      α_f=+0.484  β_f=-0.221
    ndx_in_range        α_f=-0.350  β_f=+0.192
    ndx_return          α_f=+0.558  β_f=-1.010

[OOS Test: 2020-08~2025-06]
  Strategy           α₀    β₀    AnnRet     Vol    ShEx  Sortino  Calmar       MDD   FinPP  μTotal  α_mean β_mean
--------------------------------------------------------------------------------------------------------------------------------------------
  Evolved-10D      2.57  1.71   +10.51%   28.7%   +0.39    +0.41   +0.19    -56.6%   1.634   1.831   2.723  1.632
  Evolved-2D       1.76  2.12   +10.88%   13.7%   +0.61    +0.49   +0.67    -16.2%   1.662   1.288   1.758  2.123
  Kahneman         1.00  2.25    +2.97%    0.6%   +0.00  +845475.65   +0.00     +0.0%   1.155   1.000   1.000  2.250
  Symmetric        1.00  1.00   +20.51%   31.8%   +0.66    +0.75   +0.44    -46.3%   2.502   2.000   1.000  1.000
  B&H                           +12.84%   15.9%   +0.66    +0.84   +0.52    -24.8%   1.811
  50/50                          +8.14%    8.0%   +0.66    +1.06   +0.65    -12.4%   1.469

[Evolved-10D action distribution (W3 test, top)]
  (w_s, w_b)       total  count    pct
  (2.00, 0.00)      2.00     49    83%
  (0.00, 1.00)      1.00      8    14%
  (0.25, 0.75)      1.00      2     3%


============================================================================================================================================
Summary: 2D baseline vs 10D multi-feature
============================================================================================================================================
  Fold   2D_ShEx   10D_ShEx    ΔShEx   2D_AnnRet   10D_AnnRet    2D_MDD    10D_MDD
  W1      +1.297     +1.297   +0.000     +30.77%      +30.77%    -31.9%     -31.9%
  W2      +0.174     +0.371   +0.197      +2.39%       +7.46%    -38.6%     -38.1%
  W3      +0.605     +0.394   -0.211     +10.88%      +10.51%    -16.2%     -56.6%

  Mean across folds:
    2D baseline:     ShEx=+0.692  AnnRet=+14.68%
    10D multi-feat:  ShEx=+0.687  AnnRet=+16.24%
    ΔShEx: -0.005   ΔAnnRet: +1.56%

Results saved: result\evolved_sharpe_multifeat.csv

Done.
