Model is not converging.  Current: 1854.4304497050696 is not greater than 1854.481301746927. Delta is -0.050852041857524455
[1] 데이터: train 939주, test 522주
    crisis 정의: |gap - μ| > 1.0σ (1.58%/yr)
    test crisis = 170주

[2] 1.0σ episodes (train 기간 내):
    2002-12-20 ~ 2003-03-21: 14주
    2003-08-01 ~ 2003-08-29: 5주
    2005-07-29 ~ 2005-09-23: 9주
    2005-12-02 ~ 2007-08-10: 89주
    2008-06-06 ~ 2008-08-22: 12주
    2008-09-05 ~ 2008-11-28: 13주
    2010-12-31 ~ 2012-01-06: 54주
    2012-02-03 ~ 2012-05-04: 14주
    총 8개 episode, 합 210주

[3-Model_all] 학습 시작 (1 시퀀스, 합 939주)
    params: 20,357, d_model=32, n_layers=2
    [Model_all ep   1] avg NLL/step = +2.0217  best +2.0217  elapsed 0s
    [Model_all ep   5] avg NLL/step = +1.7645  best +1.7645  elapsed 0s
    [Model_all ep  10] avg NLL/step = +1.4505  best +1.4505  elapsed 1s
    [Model_all ep  15] avg NLL/step = +1.1327  best +1.1327  elapsed 1s
    [Model_all ep  20] avg NLL/step = +0.8215  best +0.8215  elapsed 1s
    [Model_all ep  25] avg NLL/step = +0.5040  best +0.5040  elapsed 1s
    [Model_all ep  30] avg NLL/step = +0.1664  best +0.1664  elapsed 2s
    [Model_all ep  35] avg NLL/step = -0.2188  best -0.2188  elapsed 2s
    [Model_all ep  40] avg NLL/step = -0.6514  best -0.6514  elapsed 2s
    [Model_all ep  45] avg NLL/step = -1.1434  best -1.1434  elapsed 2s
    [Model_all ep  50] avg NLL/step = -1.6736  best -1.6736  elapsed 3s
    [Model_all ep  55] avg NLL/step = -2.1942  best -2.1942  elapsed 3s
    [Model_all ep  60] avg NLL/step = -2.6168  best -2.6168  elapsed 3s
    [Model_all] best NLL/step = -2.6168, total 3s

[3-Model_crisis] 학습 시작 (8 시퀀스, 합 210주)
    params: 20,357, d_model=32, n_layers=2
    [Model_crisis ep   1] avg NLL/step = +1.6003  best +1.6003  elapsed 0s
    [Model_crisis ep   5] avg NLL/step = +0.1485  best +0.1485  elapsed 0s
    [Model_crisis ep  10] avg NLL/step = -1.9692  best -1.9692  elapsed 1s
    [Model_crisis ep  15] avg NLL/step = -2.4875  best -2.4875  elapsed 1s
    [Model_crisis ep  20] avg NLL/step = -2.0673  best -2.6008  elapsed 2s
    [Model_crisis ep  25] avg NLL/step = -2.9788  best -2.9788  elapsed 2s
    [Model_crisis ep  30] avg NLL/step = -3.2867  best -3.2867  elapsed 2s
    [Model_crisis ep  35] avg NLL/step = -3.0802  best -3.2867  elapsed 3s
    [Model_crisis ep  40] avg NLL/step = -1.4064  best -3.5030  elapsed 3s
    [Model_crisis ep  45] avg NLL/step = -3.3457  best -3.5030  elapsed 3s
    [Model_crisis ep  50] avg NLL/step = -3.5580  best -3.8456  elapsed 4s
    [Model_crisis ep  55] avg NLL/step = -3.7766  best -3.8456  elapsed 4s
    early stop at epoch 57 (no improvement 10)
    [Model_crisis] best NLL/step = -3.8456, total 4s

[4] Test 평가 — bivariate Mamba per-point NLL (낮을수록 좋음):
                       라우터 |         전체 522 |     crisis 170 |     normal 352
              Model_all 단독 | nll 전체=-2.1256 | crisis=-1.6879 | normal=-2.3370
           Model_crisis 단독 | nll 전체=-3.0403 | crisis=-3.5167 | normal=-2.8103
               Hard router | nll 전체=-2.7212 | crisis=-3.5167 | normal=-2.3370
              Soft sigmoid | nll 전체=-2.9359 | crisis=-3.3294 | normal=-2.7459
                HMM router | nll 전체=-2.4853 | crisis=-2.3521 | normal=-2.5496

[5] saved result\mamba_two_model_router.json
    saved models/mamba_model_all.pt, mamba_model_crisis.pt
