Model is not converging.  Current: 1854.4304497050696 is not greater than 1854.481301746927. Delta is -0.050852041857524455
[1] crisis 임계: |gap - -0.96%/yr| > 1.0σ (1.58%/yr)
    train: 939 주, test: 522 주, test crisis: 170 주
[2] MS-VAR fit: Model_all ll=2242.9, Model_crisis ll=533.0

[3] HMM router: GaussianHMM K=2 on gap 시계열
    HMM means (gap, %/yr): ['-0.96', '-1.01']
    HMM std (gap, %/yr):   ['1.61', '2.07']
    HMM transmat: [[0.8771826098518893, 0.12281739014811058], [0.9986457935334174, 0.0013542064665825432]]
    crisis 식별 state = 1 (|mean - μ_train| 큰 쪽, mean=-1.01%/yr)

[4] NLL 비교 (낮을수록 좋음):
                       라우터 |       전체 522 |   crisis 170 |   normal 352
              Model_all 단독 | nll 전체=-2.3498 | crisis=-2.3259 | normal=-2.3613
           Model_crisis 단독 | nll 전체=-2.2984 | crisis=-2.2434 | normal=-2.3250
          Hard router (현재) | nll 전체=-2.3229 | crisis=-2.2434 | normal=-2.3613
          Soft sigmoid (가) | nll 전체=-2.3311 | crisis=-2.2697 | normal=-2.3607
            HMM router (나) | nll 전체=-2.3499 | crisis=-2.3224 | normal=-2.3632

[5] crisis 가중치 평균:
    Hard  : crisis 시점 평균 w_crisis = 1.000
            normal 시점 평균 w_crisis = 0.000
    Soft  : crisis 시점 평균 w_crisis = 0.794
            normal 시점 평균 w_crisis = 0.255
    HMM   : crisis 시점 평균 w_crisis = 0.146
            normal 시점 평균 w_crisis = 0.094

[6] saved result\two_model_router_compare.json
