[1] 데이터 / crisis 라벨
    train (full)        =939 주
    train gap_valid     =680 주 (Model_crisis 학습 후보)
    train gap_valid+crisis = 222 주 (Model_crisis 학습)
    test  (full)        =522 주
    test  gap_valid     =522 주 (router 작동 가능)
    test  crisis        =170 주 (router → Model_crisis)

[2] Fitting Model_all (MS-VAR K=2 on FULL train, n=939)...
    ll=+2242.92, AIC=-4457.85, converged=True
    P[0->0]=0.969  P[1->1]=0.932
    [all regime0] intercept=+0.00429 sigma²=0.000250 → ann μ=+22.31%, ann σ=11.40%
    [all regime1] intercept=-0.00745 sigma²=0.001430 → ann μ=-38.74%, ann σ=27.27%

[3] Fitting Model_crisis (MS-VAR K=2 on crisis subset)...
    n_crisis_train = 222
    ll=+532.95, AIC=-1037.91, converged=True
    P[0->0]=0.962  P[1->1]=0.876
    [crisis regime0] intercept=+0.00357 sigma²=0.000223 → ann μ=+18.59%, ann σ=10.76%
    [crisis regime1] intercept=-0.02161 sigma²=0.002804 → ann μ=-112.35%, ann σ=38.18%

[4] Test 평가 — log likelihood per point (높을수록 좋음, NLL = -log p)
                           |         전체 |     crisis |     normal
                 Model_all |     -2.350 |     -2.326 |     -2.361
              Model_crisis |     -2.298 |     -2.243 |     -2.325
              Router (MoE) |     -2.323 |     -2.243 |     -2.361

[5] saved result\two_model_router_msvar.json
