[0] device=cpu  seed=42  tag=K2_heur_nophys  max_epochs=60  patience=15
    L=104  PAST_LEN=52  K=2  D_COND=4  D_TARGET=2

[1] load weekly_v34_train.csv
    all train windows: X (836, 104, 2),  C (836, 104, 4)
    cond stats (train)
      m2_growth       mean=+0.00119  std=0.00596
      m2v             mean=+1.86573  std=0.19070
      cpi_yoy         mean=+0.02292  std=0.01239
      vix             mean=+0.21302  std=0.08578
    load weekly_v34_test.csv
    test windows : X (414, 104, 2),  C (414, 104, 4)
    split  train=711  val=125  test=414
    architecture: causal, use_wavelet: True, balanced_loader: False, heuristic_init: True

[2] model params: 549,256

[2b] heuristic init wavelet (init batch shape: torch.Size([32, 104, 2])):
    [wavelet init step 0] h_std=0.8200, sigma_init=0.1640, mu_range=[-1.732, 2.083]
    [wavelet init step 1] h_std=0.7461, sigma_init=0.1492, mu_range=[-2.250, 1.200]
    initialized 2 wavelet step(s)

[3] train up to 60 epochs (patience=15, F=52)
    채널: ['sp_return', 'margin_chg']
      epoch | train_NLL | val_NLL | tr_sp_return tr_margin_chg | val_sp_return val_margin_chg | z_std | elapsed
        1 |    +0.753 |   +0.878 |   +0.679   +0.828 |   +0.989   +0.767 | 0.228 |     5s
        2 |    -0.269 |   +0.122 |   -0.342   -0.197 |   -0.121   +0.366 | 0.358 |    10s
        3 |    -0.846 |   +1.024 |   -0.916   -0.776 |   +1.119   +0.929 | 0.277 |    14s
        4 |    -1.093 |   +0.590 |   -1.123   -1.063 |   +0.386   +0.794 | 0.261 |    19s
        5 |    -1.428 |   -0.528 |   -1.514   -1.342 |   -1.156   +0.100 | 0.611 |    24s
        6 |    -1.520 |   -0.641 |   -1.605   -1.434 |   -1.005   -0.277 | 0.306 |    29s
        7 |    -1.548 |   -0.892 |   -1.627   -1.470 |   -1.039   -0.746 | 0.377 |    36s
        8 |    -1.814 |   -1.056 |   -1.837   -1.791 |   -1.458   -0.655 | 0.308 |    41s
        9 |    -1.984 |   -1.192 |   -2.022   -1.945 |   -1.481   -0.903 | 0.562 |    46s
       10 |    -2.009 |   -0.755 |   -2.059   -1.959 |   -1.228   -0.282 | 0.293 |    52s
       11 |    -2.055 |   -0.673 |   -2.034   -2.076 |   -0.665   -0.682 | 0.183 |    57s
       12 |    -2.114 |   -1.007 |   -2.082   -2.147 |   -0.894   -1.121 | 0.381 |    64s
       13 |    -2.216 |   -1.565 |   -2.208   -2.223 |   -1.668   -1.462 | 0.504 |    69s
       14 |    -2.126 |   -1.259 |   -2.145   -2.106 |   -1.064   -1.454 | 0.465 |    74s
       15 |    -2.234 |   -1.403 |   -2.204   -2.263 |   -1.244   -1.562 | 0.451 |    79s
       16 |    -2.336 |   -1.576 |   -2.302   -2.370 |   -1.221   -1.932 | 0.757 |    85s
       17 |    -2.373 |   -1.452 |   -2.319   -2.427 |   -1.111   -1.793 | 0.446 |    92s
       18 |    -2.338 |   -2.129 |   -2.269   -2.406 |   -2.041   -2.217 | 0.875 |    96s
       19 |    -2.329 |   -2.105 |   -2.258   -2.400 |   -1.925   -2.285 | 0.646 |   101s
       20 |    -2.429 |   -1.428 |   -2.342   -2.516 |   -1.010   -1.845 | 0.417 |   106s
       21 |    -2.408 |   -1.204 |   -2.317   -2.499 |   -1.357   -1.050 | 0.340 |   110s
       22 |    -2.426 |   -1.459 |   -2.347   -2.504 |   -0.945   -1.973 | 0.480 |   115s
       23 |    -2.472 |   -1.207 |   -2.371   -2.574 |   -0.800   -1.614 | 0.481 |   119s
       24 |    -2.519 |   -1.327 |   -2.406   -2.633 |   -1.147   -1.507 | 0.622 |   124s
       25 |    -2.546 |   -1.745 |   -2.420   -2.673 |   -1.327   -2.163 | 1.049 |   128s
       26 |    -2.581 |   -2.314 |   -2.438   -2.724 |   -2.139   -2.489 | 0.622 |   132s
       27 |    -2.605 |   -1.614 |   -2.444   -2.765 |   -1.194   -2.034 | 0.376 |   137s
       28 |    -2.653 |   -2.035 |   -2.479   -2.826 |   -1.708   -2.363 | 0.445 |   141s
       29 |    -2.667 |   -1.826 |   -2.488   -2.846 |   -1.498   -2.154 | 0.335 |   145s
       30 |    -2.685 |   -1.910 |   -2.495   -2.876 |   -1.589   -2.232 | 0.437 |   150s
       31 |    -2.726 |   -1.964 |   -2.517   -2.936 |   -1.572   -2.357 | 0.496 |   154s
       32 |    -2.734 |   -2.053 |   -2.514   -2.955 |   -1.668   -2.438 | 0.502 |   158s
       33 |    -2.762 |   -2.141 |   -2.527   -2.997 |   -1.751   -2.531 | 0.604 |   162s
       34 |    -2.786 |   -2.146 |   -2.541   -3.030 |   -1.769   -2.524 | 0.533 |   166s
       35 |    -2.814 |   -2.110 |   -2.555   -3.073 |   -1.716   -2.504 | 0.579 |   171s
       36 |    -2.841 |   -2.085 |   -2.567   -3.116 |   -1.779   -2.392 | 0.827 |   175s
       37 |    -2.852 |   -2.110 |   -2.570   -3.134 |   -1.800   -2.420 | 0.795 |   180s
       38 |    -2.871 |   -2.011 |   -2.579   -3.163 |   -1.670   -2.353 | 0.800 |   184s
       39 |    -2.894 |   -1.860 |   -2.592   -3.195 |   -1.896   -1.823 | 1.152 |   188s
       40 |    -2.919 |   -1.543 |   -2.606   -3.232 |   -1.793   -1.294 | 1.283 |   192s
       41 |    -2.931 |   -1.564 |   -2.605   -3.256 |   -1.691   -1.436 | 1.316 |   197s
    early stop at epoch 41 (no val improvement 15 epochs)

[4] training log: D:\projects\homeostatic-market\result\favar_v34_K2_heur_nophys_trainlog.csv
[5] reloaded best ckpt: val/step=-2.3137, epoch=26

[6] final test eval
    nll_window            -160.5487641412855
    nll_step_channel      -1.5437381167431297
    nll_step (per channel):
      sp_return       -1.4954
      margin_chg      -1.5921
    z_mean                -0.07972278445959091
    z_std                 0.8305557370185852
    ks_stat               0.12995431104670585
    ks_p                  0.0
    logdet_mean           -581.4144287109375
    logdet_std            105.88533782958984

[7] best ckpt: D:\projects\homeostatic-market\models\favar_v34_K2_heur_nophys_best.pt
