[0] device=cpu  seed=42  tag=K2_local_nophys  max_epochs=60  patience=15
    L=104  PAST_LEN=52  K=2  D_COND=4  D_TARGET=2

[1] load weekly_v34_train.csv
    all train windows: X (836, 104, 2),  C (836, 104, 4)
    cond stats (train)
      m2_growth       mean=+0.00119  std=0.00596
      m2v             mean=+1.86573  std=0.19070
      cpi_yoy         mean=+0.02292  std=0.01239
      vix             mean=+0.21302  std=0.08578
    load weekly_v34_test.csv
    test windows : X (414, 104, 2),  C (414, 104, 4)
    split  train=711  val=125  test=414
    [balanced loader] crisis 정의: sp_yoy < -0.0950 (= -0.5 × σ_train, σ_train=0.1901)
    [balanced loader] n_normal=528, n_crisis=183 (crisis 비율 25.7%)
    architecture: causal, use_wavelet: True, balanced_loader: True, heuristic_init: True

[2] model params: 549,256

[2b] heuristic init wavelet (init batch shape: torch.Size([32, 104, 2])):
    [wavelet init step 0] h_std=1.0316, sigma_init=0.2063, mu_range=[-2.230, 2.267]
    [wavelet init step 1] h_std=0.7896, sigma_init=0.1579, mu_range=[-1.551, 1.802]
    initialized 2 wavelet step(s)

[3] train up to 60 epochs (patience=15, F=52)
    채널: ['sp_return', 'margin_chg']
      epoch | train_NLL | val_NLL | tr_sp_return tr_margin_chg | val_sp_return val_margin_chg | z_std | elapsed
        1 |    +0.253 |   +0.490 |   +0.067   +0.439 |   +0.158   +0.822 | 0.433 |     6s
        2 |    -0.923 |   +0.400 |   -1.035   -0.810 |   -0.107   +0.907 | 0.566 |    13s
        3 |    -1.306 |   +0.351 |   -1.329   -1.282 |   -0.086   +0.789 | 0.319 |    20s
        4 |    -1.310 |   +0.001 |   -1.359   -1.261 |   +0.134   -0.131 | 0.269 |    26s
        5 |    -1.451 |   +0.072 |   -1.522   -1.381 |   -0.187   +0.331 | 0.410 |    35s
        6 |    -1.748 |   -0.372 |   -1.788   -1.708 |   -0.286   -0.458 | 0.723 |    44s
        7 |    -1.789 |   -1.310 |   -1.842   -1.737 |   -0.976   -1.643 | 0.409 |    54s
        8 |    -1.862 |   -0.963 |   -1.846   -1.877 |   -0.895   -1.031 | 0.366 |    60s
        9 |    -1.933 |   -1.540 |   -1.904   -1.963 |   -1.578   -1.503 | 0.493 |    67s
       10 |    -1.883 |   -0.471 |   -1.820   -1.947 |   -0.633   -0.308 | 0.244 |    75s
       11 |    -2.039 |   -1.147 |   -1.982   -2.096 |   -1.210   -1.083 | 0.360 |    83s
       12 |    -2.147 |   -1.451 |   -2.105   -2.188 |   -1.413   -1.488 | 0.357 |    91s
       13 |    -2.202 |   -0.848 |   -2.156   -2.249 |   -1.093   -0.603 | 0.338 |    99s
       14 |    -2.187 |   -1.847 |   -2.090   -2.283 |   -1.976   -1.719 | 0.526 |   108s
       15 |    -2.280 |   -1.825 |   -2.207   -2.353 |   -2.304   -1.347 | 0.966 |   117s
       16 |    -2.341 |   -1.894 |   -2.252   -2.430 |   -2.095   -1.693 | 0.551 |   126s
       17 |    -2.392 |   -1.698 |   -2.284   -2.500 |   -1.819   -1.577 | 0.334 |   134s
       18 |    -2.423 |   -2.261 |   -2.296   -2.550 |   -2.453   -2.069 | 0.739 |   144s
       19 |    -2.458 |   -2.138 |   -2.320   -2.595 |   -2.110   -2.167 | 0.528 |   153s
       20 |    -2.499 |   -2.280 |   -2.326   -2.672 |   -2.288   -2.272 | 0.648 |   163s
       21 |    -2.552 |   -2.271 |   -2.354   -2.749 |   -2.292   -2.250 | 0.640 |   173s
       22 |    -2.600 |   -2.099 |   -2.377   -2.823 |   -2.195   -2.003 | 0.873 |   184s
       23 |    -2.636 |   -2.609 |   -2.395   -2.878 |   -2.513   -2.705 | 0.852 |   194s
       24 |    -2.683 |   -2.514 |   -2.414   -2.951 |   -2.477   -2.551 | 0.780 |   204s
       25 |    -2.730 |   -2.642 |   -2.430   -3.030 |   -2.521   -2.764 | 0.694 |   215s
       26 |    -2.760 |   -2.291 |   -2.452   -3.068 |   -2.403   -2.180 | 0.836 |   222s
       27 |    -2.807 |   -2.603 |   -2.472   -3.141 |   -2.596   -2.611 | 0.852 |   230s
       28 |    -2.854 |   -2.564 |   -2.480   -3.228 |   -2.518   -2.610 | 0.922 |   238s
       29 |    -2.879 |   -2.581 |   -2.500   -3.258 |   -2.352   -2.810 | 0.756 |   245s
       30 |    -2.928 |   -2.522 |   -2.519   -3.336 |   -2.505   -2.539 | 1.052 |   253s
       31 |    -2.982 |   -2.618 |   -2.546   -3.418 |   -2.542   -2.694 | 0.998 |   262s
       32 |    -3.032 |   -2.614 |   -2.566   -3.499 |   -2.445   -2.784 | 0.920 |   271s
       33 |    -3.058 |   -2.523 |   -2.578   -3.539 |   -2.363   -2.682 | 0.932 |   279s
       34 |    -3.096 |   -2.544 |   -2.600   -3.592 |   -2.349   -2.739 | 1.053 |   289s
       35 |    -3.134 |   -2.626 |   -2.622   -3.647 |   -2.455   -2.796 | 0.974 |   300s
       36 |    -3.167 |   -2.505 |   -2.637   -3.697 |   -2.310   -2.699 | 1.005 |   309s
       37 |    -3.152 |   -2.622 |   -2.620   -3.685 |   -2.504   -2.740 | 1.110 |   317s
       38 |    -3.235 |   -2.630 |   -2.669   -3.801 |   -2.454   -2.807 | 1.040 |   325s
       39 |    -3.281 |   -2.625 |   -2.697   -3.864 |   -2.481   -2.770 | 1.048 |   333s
       40 |    -3.304 |   -2.624 |   -2.705   -3.902 |   -2.467   -2.781 | 1.037 |   345s
    early stop at epoch 40 (no val improvement 15 epochs)

[4] training log: D:\projects\homeostatic-market\result\favar_v34_K2_local_nophys_trainlog.csv
[5] reloaded best ckpt: val/step=-2.6425, epoch=25

[6] final test eval
    nll_window            -158.13557942708334
    nll_step_channel      -1.520534417568109
    nll_step (per channel):
      sp_return       -1.7567
      margin_chg      -1.2844
    z_mean                0.3400375247001648
    z_std                 0.8652458190917969
    ks_stat               0.2136418355404659
    ks_p                  0.0
    logdet_mean           -621.6587524414062
    logdet_std            130.08309936523438

[7] best ckpt: D:\projects\homeostatic-market\models\favar_v34_K2_local_nophys_best.pt
