[0] device=cpu  seed=42  tag=K2_pure  max_epochs=60  patience=15
    L=104  PAST_LEN=52  K=2  D_COND=4  D_TARGET=2

[1] load weekly_v34_train.csv
    all train windows: X (836, 104, 2),  C (836, 104, 4)
    cond stats (train)
      m2_growth       mean=+0.00119  std=0.00596
      m2v             mean=+1.86573  std=0.19070
      cpi_yoy         mean=+0.02292  std=0.01239
      vix             mean=+0.21302  std=0.08578
    load weekly_v34_test.csv
    test windows : X (414, 104, 2),  C (414, 104, 4)
    split  train=711  val=125  test=414
    architecture: causal, use_wavelet: False, balanced_loader: False, heuristic_init: False

[2] model params: 549,000

[3] train up to 60 epochs (patience=15, F=52)
    채널: ['sp_return', 'margin_chg']
      epoch | train_NLL | val_NLL | tr_sp_return tr_margin_chg | val_sp_return val_margin_chg | z_std | elapsed
        1 |   +24.442 |   +4.634 |   +3.507  +45.376 |   +0.453   +8.815 | 2.585 |    13s
        2 |    -0.338 |   -0.523 |   -0.681   +0.005 |   -1.153   +0.106 | 0.368 |    23s
        3 |    -0.956 |   -1.093 |   -1.397   -0.515 |   -0.648   -1.539 | 1.284 |    34s
        4 |    +0.074 |   -1.152 |   -0.217   +0.364 |   -1.148   -1.157 | 0.363 |    40s
        5 |    -0.732 |   -1.107 |   -0.387   -1.078 |   -0.988   -1.226 | 1.162 |    44s
        6 |    -0.367 |   -1.590 |   +0.524   -1.258 |   -0.917   -2.262 | 0.502 |    48s
        7 |    -1.250 |   -0.221 |   -1.334   -1.165 |   -1.556   +1.114 | 1.656 |    53s
        8 |    -1.118 |   -2.030 |   -0.932   -1.304 |   -2.024   -2.035 | 0.799 |    57s
        9 |    -1.656 |   -1.997 |   -1.730   -1.581 |   -2.246   -1.747 | 0.765 |    61s
       10 |    -1.829 |   -2.096 |   -1.914   -1.744 |   -1.944   -2.248 | 0.810 |    65s
       11 |    -2.069 |   -2.256 |   -2.245   -1.893 |   -2.471   -2.042 | 1.047 |    69s
       12 |    -2.116 |   -2.297 |   -2.162   -2.070 |   -2.022   -2.572 | 1.206 |    74s
       13 |    -2.309 |   -2.195 |   -2.195   -2.423 |   -1.581   -2.810 | 1.072 |    78s
       14 |    -2.307 |   -2.714 |   -2.156   -2.458 |   -2.446   -2.981 | 1.107 |    82s
       15 |    -2.165 |   -2.615 |   -2.244   -2.086 |   -2.241   -2.988 | 0.767 |    86s
       16 |    -2.231 |   -2.596 |   -2.233   -2.229 |   -2.682   -2.510 | 0.678 |    90s
       17 |    -2.255 |   -2.596 |   -2.247   -2.264 |   -2.631   -2.561 | 0.943 |    94s
       18 |    -2.485 |   -2.542 |   -2.336   -2.633 |   -2.411   -2.673 | 1.151 |    98s
       19 |    -2.537 |   -2.838 |   -2.407   -2.667 |   -2.672   -3.004 | 0.760 |   102s
       20 |    -2.555 |   -2.815 |   -2.419   -2.691 |   -2.554   -3.076 | 0.688 |   106s
       21 |    -2.499 |   -2.777 |   -2.374   -2.623 |   -2.549   -3.005 | 1.040 |   110s
       22 |    -2.323 |   -2.871 |   -2.298   -2.348 |   -2.617   -3.125 | 0.887 |   114s
       23 |    -2.474 |   -2.803 |   -2.401   -2.547 |   -2.591   -3.014 | 0.865 |   117s
       24 |    -2.713 |   -3.035 |   -2.413   -3.013 |   -2.704   -3.366 | 0.854 |   121s
       25 |    -2.622 |   -2.971 |   -2.420   -2.824 |   -2.665   -3.276 | 0.976 |   125s
       26 |    -2.282 |   -2.947 |   -2.174   -2.391 |   -2.666   -3.228 | 0.969 |   129s
       27 |    -2.663 |   -2.744 |   -2.427   -2.900 |   -2.484   -3.005 | 1.188 |   132s
       28 |    -2.686 |   -2.540 |   -2.421   -2.951 |   -2.495   -2.586 | 0.970 |   136s
       29 |    -2.746 |   -2.847 |   -2.467   -3.024 |   -2.625   -3.070 | 0.931 |   140s
       30 |    -2.811 |   -2.879 |   -2.485   -3.136 |   -2.597   -3.161 | 1.044 |   144s
       31 |    -2.794 |   -2.908 |   -2.490   -3.097 |   -2.694   -3.121 | 0.959 |   148s
       32 |    -2.930 |   -2.659 |   -2.526   -3.334 |   -2.673   -2.645 | 1.193 |   151s
       33 |    -2.938 |   -2.904 |   -2.521   -3.355 |   -2.696   -3.112 | 0.815 |   155s
       34 |    -2.943 |   -2.844 |   -2.526   -3.360 |   -2.656   -3.033 | 0.867 |   159s
       35 |    -2.921 |   -2.969 |   -2.540   -3.301 |   -2.629   -3.310 | 0.794 |   163s
       36 |    -2.927 |   -2.978 |   -2.514   -3.341 |   -2.652   -3.303 | 0.864 |   167s
       37 |    -2.966 |   -2.833 |   -2.519   -3.414 |   -2.625   -3.042 | 1.170 |   171s
       38 |    -3.044 |   -2.902 |   -2.553   -3.536 |   -2.604   -3.200 | 1.079 |   175s
       39 |    -3.112 |   -2.679 |   -2.566   -3.658 |   -2.627   -2.732 | 1.263 |   179s
    early stop at epoch 39 (no val improvement 15 epochs)

[4] training log: D:\projects\homeostatic-market\result\favar_v34_K2_pure_trainlog.csv
[5] reloaded best ckpt: val/step=-3.0351, epoch=24

[6] final test eval
    nll_window            -232.35448275211354
    nll_step_channel      -2.2341777187703227
    nll_step (per channel):
      sp_return       -2.1928
      margin_chg      -2.2755
    z_mean                -0.20416219532489777
    z_std                 1.1315959692001343
    ks_stat               0.1405668819235737
    ks_p                  0.0
    logdet_mean           -799.2843627929688
    logdet_std            92.1329116821289

[7] best ckpt: D:\projects\homeostatic-market\models\favar_v34_K2_pure_best.pt
